Archive member included to satisfy reference by file (symbol)

d:/program files (x86)/atmel/studio/7.0/toolchain/avr8/avr8-gnu-toolchain/bin/../lib/gcc/avr/5.4.0/../../../../avr/lib/avrxmega7\libm.a(addsf3.o)
                              Arduino/Print.o (__subsf3)
d:/program files (x86)/atmel/studio/7.0/toolchain/avr8/avr8-gnu-toolchain/bin/../lib/gcc/avr/5.4.0/../../../../avr/lib/avrxmega7\libm.a(addsf3x.o)
                              d:/program files (x86)/atmel/studio/7.0/toolchain/avr8/avr8-gnu-toolchain/bin/../lib/gcc/avr/5.4.0/../../../../avr/lib/avrxmega7\libm.a(addsf3.o) (__addsf3x)
d:/program files (x86)/atmel/studio/7.0/toolchain/avr8/avr8-gnu-toolchain/bin/../lib/gcc/avr/5.4.0/../../../../avr/lib/avrxmega7\libm.a(cmpsf2.o)
                              Arduino/Print.o (__ltsf2)
d:/program files (x86)/atmel/studio/7.0/toolchain/avr8/avr8-gnu-toolchain/bin/../lib/gcc/avr/5.4.0/../../../../avr/lib/avrxmega7\libm.a(divsf3.o)
                              Arduino/Print.o (__divsf3)
d:/program files (x86)/atmel/studio/7.0/toolchain/avr8/avr8-gnu-toolchain/bin/../lib/gcc/avr/5.4.0/../../../../avr/lib/avrxmega7\libm.a(divsf3x.o)
                              d:/program files (x86)/atmel/studio/7.0/toolchain/avr8/avr8-gnu-toolchain/bin/../lib/gcc/avr/5.4.0/../../../../avr/lib/avrxmega7\libm.a(divsf3.o) (__divsf3x)
d:/program files (x86)/atmel/studio/7.0/toolchain/avr8/avr8-gnu-toolchain/bin/../lib/gcc/avr/5.4.0/../../../../avr/lib/avrxmega7\libm.a(fixunssfsi.o)
                              Arduino/Print.o (__fixunssfsi)
d:/program files (x86)/atmel/studio/7.0/toolchain/avr8/avr8-gnu-toolchain/bin/../lib/gcc/avr/5.4.0/../../../../avr/lib/avrxmega7\libm.a(floatsisf.o)
                              Arduino/Print.o (__floatunsisf)
d:/program files (x86)/atmel/studio/7.0/toolchain/avr8/avr8-gnu-toolchain/bin/../lib/gcc/avr/5.4.0/../../../../avr/lib/avrxmega7\libm.a(fp_cmp.o)
                              d:/program files (x86)/atmel/studio/7.0/toolchain/avr8/avr8-gnu-toolchain/bin/../lib/gcc/avr/5.4.0/../../../../avr/lib/avrxmega7\libm.a(cmpsf2.o) (__fp_cmp)
d:/program files (x86)/atmel/studio/7.0/toolchain/avr8/avr8-gnu-toolchain/bin/../lib/gcc/avr/5.4.0/../../../../avr/lib/avrxmega7\libm.a(fp_inf.o)
                              d:/program files (x86)/atmel/studio/7.0/toolchain/avr8/avr8-gnu-toolchain/bin/../lib/gcc/avr/5.4.0/../../../../avr/lib/avrxmega7\libm.a(addsf3x.o) (__fp_inf)
d:/program files (x86)/atmel/studio/7.0/toolchain/avr8/avr8-gnu-toolchain/bin/../lib/gcc/avr/5.4.0/../../../../avr/lib/avrxmega7\libm.a(fp_nan.o)
                              d:/program files (x86)/atmel/studio/7.0/toolchain/avr8/avr8-gnu-toolchain/bin/../lib/gcc/avr/5.4.0/../../../../avr/lib/avrxmega7\libm.a(addsf3x.o) (__fp_nan)
d:/program files (x86)/atmel/studio/7.0/toolchain/avr8/avr8-gnu-toolchain/bin/../lib/gcc/avr/5.4.0/../../../../avr/lib/avrxmega7\libm.a(fp_pscA.o)
                              d:/program files (x86)/atmel/studio/7.0/toolchain/avr8/avr8-gnu-toolchain/bin/../lib/gcc/avr/5.4.0/../../../../avr/lib/avrxmega7\libm.a(addsf3x.o) (__fp_pscA)
d:/program files (x86)/atmel/studio/7.0/toolchain/avr8/avr8-gnu-toolchain/bin/../lib/gcc/avr/5.4.0/../../../../avr/lib/avrxmega7\libm.a(fp_pscB.o)
                              d:/program files (x86)/atmel/studio/7.0/toolchain/avr8/avr8-gnu-toolchain/bin/../lib/gcc/avr/5.4.0/../../../../avr/lib/avrxmega7\libm.a(addsf3x.o) (__fp_pscB)
d:/program files (x86)/atmel/studio/7.0/toolchain/avr8/avr8-gnu-toolchain/bin/../lib/gcc/avr/5.4.0/../../../../avr/lib/avrxmega7\libm.a(fp_round.o)
                              d:/program files (x86)/atmel/studio/7.0/toolchain/avr8/avr8-gnu-toolchain/bin/../lib/gcc/avr/5.4.0/../../../../avr/lib/avrxmega7\libm.a(addsf3.o) (__fp_round)
d:/program files (x86)/atmel/studio/7.0/toolchain/avr8/avr8-gnu-toolchain/bin/../lib/gcc/avr/5.4.0/../../../../avr/lib/avrxmega7\libm.a(fp_split3.o)
                              d:/program files (x86)/atmel/studio/7.0/toolchain/avr8/avr8-gnu-toolchain/bin/../lib/gcc/avr/5.4.0/../../../../avr/lib/avrxmega7\libm.a(addsf3x.o) (__fp_split3)
d:/program files (x86)/atmel/studio/7.0/toolchain/avr8/avr8-gnu-toolchain/bin/../lib/gcc/avr/5.4.0/../../../../avr/lib/avrxmega7\libm.a(fp_zero.o)
                              d:/program files (x86)/atmel/studio/7.0/toolchain/avr8/avr8-gnu-toolchain/bin/../lib/gcc/avr/5.4.0/../../../../avr/lib/avrxmega7\libm.a(addsf3x.o) (__fp_zero)
d:/program files (x86)/atmel/studio/7.0/toolchain/avr8/avr8-gnu-toolchain/bin/../lib/gcc/avr/5.4.0/../../../../avr/lib/avrxmega7\libm.a(gesf2.o)
                              Arduino/Print.o (__gtsf2)
d:/program files (x86)/atmel/studio/7.0/toolchain/avr8/avr8-gnu-toolchain/bin/../lib/gcc/avr/5.4.0/../../../../avr/lib/avrxmega7\libm.a(mulsf3.o)
                              Arduino/Print.o (__mulsf3)
d:/program files (x86)/atmel/studio/7.0/toolchain/avr8/avr8-gnu-toolchain/bin/../lib/gcc/avr/5.4.0/../../../../avr/lib/avrxmega7\libm.a(mulsf3x.o)
[...]
Memory Configuration

Name             Origin             Length             Attributes
text             0x00000000         0x00100000         xr
data             0x00802000         0x0000ffa0         rw !x
eeprom           0x00810000         0x00010000         rw !x
fuse             0x00820000         0x00000006         rw !x
lock             0x00830000         0x00000400         rw !x
signature        0x00840000         0x00000400         rw !x
user_signatures  0x00850000         0x00000400         rw !x
*default*        0x00000000         0xffffffff

Linker script and memory map

LOAD D:/Program Files (x86)/Atmel/Studio/7.0/Packs/atmel/XMEGAA_DFP/1.1.68/gcc/dev/atxmega128a4u/avrxmega7/crtatxmega128a4u.o
LOAD Arduino/Print.o
LOAD Arduino/WString.o
LOAD Hardware/xmegaBasicTimer.o
LOAD Hardware/xmegaIO.o
LOAD Hardware/xmegaUART.o
LOAD keypad/SingleInputKeypad.o
LOAD keypad/Key.o
LOAD keypad/MatrixKeypad.o
LOAD main.o
START GROUP
LOAD d:/program files (x86)/atmel/studio/7.0/toolchain/avr8/avr8-gnu-toolchain/bin/../lib/gcc/avr/5.4.0/../../../../avr/lib/avrxmega7\libm.a
END GROUP
LOAD d:/program files (x86)/atmel/studio/7.0/toolchain/avr8/avr8-gnu-toolchain/bin/../lib/gcc/avr/5.4.0/avrxmega7\libgcc.a
LOAD d:/program files (x86)/atmel/studio/7.0/toolchain/avr8/avr8-gnu-toolchain/bin/../lib/gcc/avr/5.4.0/../../../../avr/lib/avrxmega7\libm.a
START GROUP
LOAD d:/program files (x86)/atmel/studio/7.0/toolchain/avr8/avr8-gnu-toolchain/bin/../lib/gcc/avr/5.4.0/avrxmega7\libgcc.a
LOAD d:/program files (x86)/atmel/studio/7.0/toolchain/avr8/avr8-gnu-toolchain/bin/../lib/gcc/avr/5.4.0/../../../../avr/lib/avrxmega7\libm.a
LOAD d:/program files (x86)/atmel/studio/7.0/toolchain/avr8/avr8-gnu-toolchain/bin/../lib/gcc/avr/5.4.0/../../../../avr/lib/avrxmega7\libc.a
LOAD D:/Program Files (x86)/Atmel/Studio/7.0/Packs/atmel/XMEGAA_DFP/1.1.68/gcc/dev/atxmega128a4u/avrxmega7\libatxmega128a4u.a
END GROUP
                0x00100000                __TEXT_REGION_LENGTH__ = DEFINED (__TEXT_REGION_LENGTH__)?__TEXT_REGION_LENGTH__:0x100000
                0x0000ffa0                __DATA_REGION_LENGTH__ = DEFINED (__DATA_REGION_LENGTH__)?__DATA_REGION_LENGTH__:0xffa0
                0x00010000                __EEPROM_REGION_LENGTH__ = DEFINED (__EEPROM_REGION_LENGTH__)?__EEPROM_REGION_LENGTH__:0x10000
                [0x00000006]                __FUSE_REGION_LENGTH__ = DEFINED (__FUSE_REGION_LENGTH__)?__FUSE_REGION_LENGTH__:0x400
                0x00000400                __LOCK_REGION_LENGTH__ = DEFINED (__LOCK_REGION_LENGTH__)?__LOCK_REGION_LENGTH__:0x400
                0x00000400                __SIGNATURE_REGION_LENGTH__ = DEFINED (__SIGNATURE_REGION_LENGTH__)?__SIGNATURE_REGION_LENGTH__:0x400
                0x00000400                __USER_SIGNATURE_REGION_LENGTH__ = DEFINED (__USER_SIGNATURE_REGION_LENGTH__)?__USER_SIGNATURE_REGION_LENGTH__:0x400

.hash
 *(.hash)

.dynsym
 *(.dynsym)

.dynstr
 *(.dynstr)

.gnu.version
 *(.gnu.version)

.gnu.version_d
 *(.gnu.version_d)

.gnu.version_r
 *(.gnu.version_r)

.rel.init
 *(.rel.init)

.rela.init
 *(.rela.init)

.rel.text
 *(.rel.text)
 *(.rel.text.*)
 *(.rel.gnu.linkonce.t*)

.rela.text
 *(.rela.text)
 *(.rela.text.*)
 *(.rela.gnu.linkonce.t*)

.rel.fini
 *(.rel.fini)

.rela.fini
 *(.rela.fini)

.rel.rodata
 *(.rel.rodata)
 *(.rel.rodata.*)
 *(.rel.gnu.linkonce.r*)

.rela.rodata
 *(.rela.rodata)
 *(.rela.rodata.*)
 *(.rela.gnu.linkonce.r*)

.rel.data
 *(.rel.data)
 *(.rel.data.*)
 *(.rel.gnu.linkonce.d*)

.rela.data
 *(.rela.data)
 *(.rela.data.*)
 *(.rela.gnu.linkonce.d*)

.rel.ctors
 *(.rel.ctors)

.rela.ctors
 *(.rela.ctors)

.rel.dtors
 *(.rel.dtors)

.rela.dtors
 *(.rela.dtors)

.rel.got
 *(.rel.got)

.rela.got
 *(.rela.got)

.rel.bss
 *(.rel.bss)

.rela.bss
 *(.rela.bss)

.rel.plt
 *(.rel.plt)

.rela.plt
 *(.rela.plt)

.text           0x00000000     0x239c
 *(.vectors)
 .vectors       0x00000000      0x1fc D:/Program Files (x86)/Atmel/Studio/7.0/Packs/atmel/XMEGAA_DFP/1.1.68/gcc/dev/atxmega128a4u/avrxmega7/crtatxmega128a4u.o
                0x00000000                __vector_default
                0x00000000                __vectors
 *(.vectors)
 *(.progmem.gcc*)
                0x000001fc                . = ALIGN (0x2)
                0x000001fc                __trampolines_start = .
 *(.trampolines)
 .trampolines   0x000001fc       0xb0 linker stubs
 *(.trampolines*)
                0x000002ac                __trampolines_end = .
 *libprintf_flt.a:*(.progmem.data)
 *libc.a:*(.progmem.data)
 *(.progmem*)
                0x000002ac                . = ALIGN (0x2)
 *(.jumptables)
 *(.jumptables*)
 *(.lowtext)
 *(.lowtext*)
                0x000002ac                __ctors_start = .
 *(.ctors)
 .ctors         0x000002ac        0x2 Hardware/xmegaUART.o
 .ctors         0x000002ae        0x2 keypad/SingleInputKeypad.o
 .ctors         0x000002b0        0x2 keypad/MatrixKeypad.o
 .ctors         0x000002b2        0x2 main.o
                0x000002b4                __ctors_end = .
                0x000002b4                __dtors_start = .
 *(.dtors)
                0x000002b4                __dtors_end = .
 SORT(*)(.ctors)
 SORT(*)(.dtors)
 *(.init0)
 .init0         0x000002b4        0x0 D:/Program Files (x86)/Atmel/Studio/7.0/Packs/atmel/XMEGAA_DFP/1.1.68/gcc/dev/atxmega128a4u/avrxmega7/crtatxmega128a4u.o
                0x000002b4                __init
 *(.init0)
 *(.init1)
 *(.init1)
 *(.init2)
 .init2         0x000002b4       0x18 D:/Program Files (x86)/Atmel/Studio/7.0/Packs/atmel/XMEGAA_DFP/1.1.68/gcc/dev/atxmega128a4u/avrxmega7/crtatxmega128a4u.o
 *(.init2)
 *(.init3)
 *(.init3)
 *(.init4)
 .init4         0x000002cc       0x1c d:/program files (x86)/atmel/studio/7.0/toolchain/avr8/avr8-gnu-toolchain/bin/../lib/gcc/avr/5.4.0/avrxmega7\libgcc.a(_copy_data.o)
                0x000002cc                __do_copy_data
 .init4         0x000002e8       0x10 d:/program files (x86)/atmel/studio/7.0/toolchain/avr8/avr8-gnu-toolchain/bin/../lib/gcc/avr/5.4.0/avrxmega7\libgcc.a(_clear_bss.o)
                0x000002e8                __do_clear_bss
 *(.init4)
 *(.init5)
 *(.init5)
 *(.init6)
 .init6         0x000002f8       0x20 d:/program files (x86)/atmel/studio/7.0/toolchain/avr8/avr8-gnu-toolchain/bin/../lib/gcc/avr/5.4.0/avrxmega7\libgcc.a(_ctors.o)
                0x000002f8                __do_global_ctors
 *(.init6)
 *(.init7)
 *(.init7)
 *(.init8)
 *(.init8)
 *(.init9)
 .init9         0x00000318        0x8 D:/Program Files (x86)/Atmel/Studio/7.0/Packs/atmel/XMEGAA_DFP/1.1.68/gcc/dev/atxmega128a4u/avrxmega7/crtatxmega128a4u.o
 *(.init9)
 *(.text)
 .text          0x00000320        0x4 D:/Program Files (x86)/Atmel/Studio/7.0/Packs/atmel/XMEGAA_DFP/1.1.68/gcc/dev/atxmega128a4u/avrxmega7/crtatxmega128a4u.o
                0x00000320                __vector_38
                0x00000320                __vector_104
                0x00000320                __vector_22
                0x00000320                __vector_63
                0x00000320                __vector_28
                0x00000320                __vector_67
                0x00000320                __vector_1
                0x00000320                __vector_119
                0x00000320                __vector_32
                0x00000320                __vector_75
                0x00000320                __vector_71
                0x00000320                __vector_91
                0x00000320                __vector_34
                0x00000320                __vector_62
                0x00000320                __vector_77
                0x00000320                __vector_102
                0x00000320                __vector_24
                0x00000320                __vector_12
                0x00000320                __vector_55
                0x00000320                __vector_69
                0x00000320                __vector_81
                0x00000320                __vector_90
                0x00000320                __vector_46
                0x00000320                __bad_interrupt
                0x00000320                __vector_122
                0x00000320                __vector_72
                0x00000320                __vector_114
                0x00000320                __vector_6
                0x00000320                __vector_110
                0x00000320                __vector_31
                0x00000320                __vector_92
                0x00000320                __vector_35
                0x00000320                __vector_78
                0x00000320                __vector_74
                0x00000320                __vector_117
                0x00000320                __vector_39
                0x00000320                __vector_107
                0x00000320                __vector_3
                0x00000320                __vector_105
                0x00000320                __vector_98
                0x00000320                __vector_23
                0x00000320                __vector_68
                0x00000320                __vector_30
                0x00000320                __vector_73
                0x00000320                __vector_45
                0x00000320                __vector_25
                0x00000320                __vector_93
                0x00000320                __vector_61
                0x00000320                __vector_11
                0x00000320                __vector_54
                0x00000320                __vector_99
                0x00000320                __vector_13
                0x00000320                __vector_17
                0x00000320                __vector_19
                0x00000320                __vector_56
                0x00000320                __vector_7
                0x00000320                __vector_125
                0x00000320                __vector_49
                0x00000320                __vector_123
                0x00000320                __vector_41
                0x00000320                __vector_86
                0x00000320                __vector_100
                0x00000320                __vector_101
                0x00000320                __vector_64
                0x00000320                __vector_109
                0x00000320                __vector_43
                0x00000320                __vector_27
                0x00000320                __vector_5
                0x00000320                __vector_113
                0x00000320                __vector_33
                0x00000320                __vector_76
                0x00000320                __vector_115
                0x00000320                __vector_47
                0x00000320                __vector_52
                0x00000320                __vector_37
                0x00000320                __vector_95
                0x00000320                __vector_103
                0x00000320                __vector_96
                0x00000320                __vector_89
                0x00000320                __vector_108
                0x00000320                __vector_4
                0x00000320                __vector_44
                0x00000320                __vector_82
                0x00000320                __vector_106
                0x00000320                __vector_118
                0x00000320                __vector_51
                0x00000320                __vector_9
                0x00000320                __vector_2
                0x00000320                __vector_21
                0x00000320                __vector_15
                0x00000320                __vector_66
                0x00000320                __vector_36
                0x00000320                __vector_79
                0x00000320                __vector_70
                0x00000320                __vector_83
                0x00000320                __vector_29
                0x00000320                __vector_60
                0x00000320                __vector_121
                0x00000320                __vector_40
                0x00000320                __vector_85
                0x00000320                __vector_94
                0x00000320                __vector_126
                0x00000320                __vector_8
                0x00000320                __vector_26
                0x00000320                __vector_48
                0x00000320                __vector_124
                0x00000320                __vector_116
                0x00000320                __vector_112
                0x00000320                __vector_111
                0x00000320                __vector_80
                0x00000320                __vector_84
                0x00000320                __vector_57
                0x00000320                __vector_53
                0x00000320                __vector_10
                0x00000320                __vector_50
                0x00000320                __vector_16
                0x00000320                __vector_59
                0x00000320                __vector_18
                0x00000320                __vector_97
                0x00000320                __vector_42
                0x00000320                __vector_87
                0x00000320                __vector_65
                0x00000320                __vector_120
                0x00000324                . = ALIGN (0x2)
 *(.text.*)
 .text._ZN5Print17availableForWriteEv
                0x00000324        0x6 Arduino/Print.o
                0x00000324                _ZN5Print17availableForWriteEv
 .text._ZN5Print5flushEv
                0x0000032a        0x2 Arduino/Print.o
                0x0000032a                _ZN5Print5flushEv
 .text._ZN5Print5writeEPKhj
                0x0000032c       0x5e Arduino/Print.o
                0x0000032c                _ZN5Print5writeEPKhj
 .text._ZN5Print5printERK6String
                0x0000038a       0x1e Arduino/Print.o
                0x0000038a                _ZN5Print5printERK6String
 .text._ZN5Print5printEc
                0x000003a8       0x10 Arduino/Print.o
                0x000003a8                _ZN5Print5printEc
 .text._ZN5Print5printEhi
                0x000003b8       0x1a Arduino/Print.o
                0x000003b8                _ZN5Print5printEhi
 .text._ZN5Print5printEii
                0x000003d2       0x1a Arduino/Print.o
                0x000003d2                _ZN5Print5printEii
 .text._ZN5Print5printEji
                0x000003ec       0x18 Arduino/Print.o
                0x000003ec                _ZN5Print5printEji
 .text._ZN5Print7printlnERK6String
                0x00000404       0x34 Arduino/Print.o
                0x00000404                _ZN5Print7printlnERK6String
 .text._ZN5Print7printlnEPKc
                0x00000438       0x34 Arduino/Print.o
                0x00000438                _ZN5Print7printlnEPKc
 .text._ZN5Print7printlnEc
                0x0000046c       0x34 Arduino/Print.o
                0x0000046c                _ZN5Print7printlnEc
 .text._ZN5Print7printlnEhi
                0x000004a0       0x34 Arduino/Print.o
                0x000004a0                _ZN5Print7printlnEhi
 .text._ZN5Print7printlnEii
                0x000004d4       0x34 Arduino/Print.o
                0x000004d4                _ZN5Print7printlnEii
 .text._ZN5Print7printlnEji
                0x00000508       0x34 Arduino/Print.o
                0x00000508                _ZN5Print7printlnEji
 .text._ZN5Print7printlnEli
                0x0000053c       0x34 Arduino/Print.o
                0x0000053c                _ZN5Print7printlnEli
 .text._ZN5Print7printlnEmi
                0x00000570       0x34 Arduino/Print.o
                0x00000570                _ZN5Print7printlnEmi
 .text._ZN5Print7printlnEdi
                0x000005a4       0x34 Arduino/Print.o
                0x000005a4                _ZN5Print7printlnEdi
 .text._ZL14printf_putcharcP6__file
                0x000005d8       0x1e Arduino/Print.o
 .text._ZN5Print6printfEPKcz
                0x000005f6       0x44 Arduino/Print.o
                0x000005f6                _ZN5Print6printfEPKcz
 .text._ZN5Print6printfEPK19__FlashStringHelperz
                0x0000063a       0x44 Arduino/Print.o
                0x0000063a                _ZN5Print6printfEPK19__FlashStringHelperz
 .text._ZN5Print7printlnEv
                0x0000067e       0x18 Arduino/Print.o
                0x0000067e                _ZN5Print7printlnEv
 .text._ZN5Print5printEPKc
                0x00000696       0x2c Arduino/Print.o
                0x00000696                _ZN5Print5printEPKc
 .text._ZN5Print5printEPK19__FlashStringHelper
                0x000006c2       0x54 Arduino/Print.o
                0x000006c2                _ZN5Print5printEPK19__FlashStringHelper
 .text._ZN5Print7printlnEPK19__FlashStringHelper
                0x00000716       0x2c Arduino/Print.o
                0x00000716                _ZN5Print7printlnEPK19__FlashStringHelper
 .text._ZN5Print11printNumberEmh
                0x00000742       0xb2 Arduino/Print.o
                0x00000742                _ZN5Print11printNumberEmh
 .text._ZN5Print5printEli
                0x000007f4       0x80 Arduino/Print.o
                0x000007f4                _ZN5Print5printEli
 .text._ZN5Print5printEmi
                0x00000874       0x1e Arduino/Print.o
                0x00000874                _ZN5Print5printEmi
 .text._ZN5Print10printFloatEdh
                0x00000892      0x248 Arduino/Print.o
                0x00000892                _ZN5Print10printFloatEdh
 .text._ZN5Print5printEdi
                0x00000ada        0x6 Arduino/Print.o
                0x00000ada                _ZN5Print5printEdi
 .text.initTimer10Ms
                0x00000ae0       0x7e Hardware/xmegaBasicTimer.o
                0x00000ae0                initTimer10Ms
 .text.clockConfig
                0x00000b5e       0x74 Hardware/xmegaBasicTimer.o
                0x00000b5e                clockConfig
 .text.millisTimerConfig
                0x00000bd2       0x8e Hardware/xmegaBasicTimer.o
                0x00000bd2                millisTimerConfig
 .text.millis   0x00000c60       0x12 Hardware/xmegaBasicTimer.o
                0x00000c60                millis
 .text.__vector_14
                0x00000c72       0x82 Hardware/xmegaBasicTimer.o
                0x00000c72                __vector_14
 .text.pinMode  0x00000cf4      0x13c Hardware/xmegaIO.o
                0x00000cf4                pinMode
 .text.digitalWrite
                0x00000e30       0x60 Hardware/xmegaIO.o
                0x00000e30                digitalWrite
 .text.digitalRead
                0x00000e90       0x30 Hardware/xmegaIO.o
                0x00000e90                digitalRead
 .text._ZN14HardwareSerial5writeEh
                0x00000ec0       0x18 Hardware/xmegaUART.o
                0x00000ec0                _ZN14HardwareSerial5writeEh
 .text._ZN14HardwareSerial5beginEmh
                0x00000ed8       0x90 Hardware/xmegaUART.o
                0x00000ed8                _ZN14HardwareSerial5beginEmh
 .text._ZN14HardwareSerial16_rx_complete_irqEv
                0x00000f68       0x52 Hardware/xmegaUART.o
                0x00000f68                _ZN14HardwareSerial16_rx_complete_irqEv
 .text.__vector_88
                0x00000fba       0x6a Hardware/xmegaUART.o
                0x00000fba                __vector_88
 .text.__vector_58
                0x00001024       0x6a Hardware/xmegaUART.o
                0x00001024                __vector_58
 .text._GLOBAL__sub_I_Serial3
                0x0000108e       0x5e Hardware/xmegaUART.o
 .text._ZN17SingleInputKeypad6notifyEv
                0x000010ec       0x70 keypad/SingleInputKeypad.o
                0x000010ec                _ZN17SingleInputKeypad6notifyEv
 .text._ZN17SingleInputKeypad10registerObEP11KeyObserver
                0x0000115c        0x8 keypad/SingleInputKeypad.o
                0x0000115c                _ZN17SingleInputKeypad10registerObEP11KeyObserver
 .text._ZN17SingleInputKeypad4scanEv
                0x00001164      0x14e keypad/SingleInputKeypad.o
                0x00001164                _ZN17SingleInputKeypad4scanEv
 .text._ZN17SingleInputKeypadC2EhPcPhh
                0x000012b2       0x80 keypad/SingleInputKeypad.o
                0x000012b2                _ZN17SingleInputKeypadC1EhPcPhh
                0x000012b2                _ZN17SingleInputKeypadC2EhPcPhh
 .text._GLOBAL__sub_I_pinsList
                0x00001332       0x1a keypad/SingleInputKeypad.o
 .text._ZN3KeyC2Ev
                0x0000134c        0x8 keypad/Key.o
                0x0000134c                _ZN3KeyC2Ev
                0x0000134c                _ZN3KeyC1Ev
 .text._ZN12MatrixKeypad6notifyEv
                0x00001354       0x70 keypad/MatrixKeypad.o
                0x00001354                _ZN12MatrixKeypad6notifyEv
 .text._ZN12MatrixKeypad10registerObEP11KeyObserver
                0x000013c4        0x8 keypad/MatrixKeypad.o
                0x000013c4                _ZN12MatrixKeypad10registerObEP11KeyObserver
 .text._ZN12MatrixKeypad4scanEv
                0x000013cc      0x21e keypad/MatrixKeypad.o
                0x000013cc                _ZN12MatrixKeypad4scanEv
 .text._ZN12MatrixKeypadC2EhPcPhS1_hh
                0x000015ea       0xc6 keypad/MatrixKeypad.o
                0x000015ea                _ZN12MatrixKeypadC2EhPcPhS1_hh
                0x000015ea                _ZN12MatrixKeypadC1EhPcPhS1_hh
 .text._GLOBAL__sub_I_rows
                0x000016b0       0x38 keypad/MatrixKeypad.o
 .text._ZN5logic12onKeyPressedEh
                0x000016e8       0x54 main.o
                0x000016e8                _ZN5logic12onKeyPressedEh
 .text._ZN5logic12onKeyReleaseEh
                0x0000173c       0x54 main.o
                0x0000173c                _ZN5logic12onKeyReleaseEh
 .text._ZN5logic9onKeyHoldEh
                0x00001790       0x34 main.o
                0x00001790                _ZN5logic9onKeyHoldEh
 .text._ZN7IOClass6toggleEv
                0x000017c4       0x2c main.o
                0x000017c4                _ZN7IOClass6toggleEv
 .text._ZN7IOClass2onEv
                0x000017f0       0x1a main.o
                0x000017f0                _ZN7IOClass2onEv
 .text._ZN7IOClass3offEv
                0x0000180a       0x1a main.o
                0x0000180a                _ZN7IOClass3offEv
 .text._ZN7IOClass9readstateEv
                0x00001824       0x14 main.o
                0x00001824                _ZN7IOClass9readstateEv
 .text.__vector_20
                0x00001838       0x78 main.o
                0x00001838                __vector_20
 .text.main     0x000018b0       0x48 main.o
                0x000018b0                main
 .text._GLOBAL__sub_I_pKeypad
                0x000018f8       0x4c main.o
 .text.avr-libc.fplib
                0x00001944        0xe d:/program files (x86)/atmel/studio/7.0/toolchain/avr8/avr8-gnu-toolchain/bin/../lib/gcc/avr/5.4.0/../../../../avr/lib/avrxmega7\libm.a(addsf3.o)
                0x00001944                __subsf3
                0x00001946                __addsf3
 .text.avr-libc.fplib
                0x00001952       0xcc d:/program files (x86)/atmel/studio/7.0/toolchain/avr8/avr8-gnu-toolchain/bin/../lib/gcc/avr/5.4.0/../../../../avr/lib/avrxmega7\libm.a(addsf3x.o)
                0x00001974                __addsf3x
 .text.avr-libc.fplib
                0x00001a1e        0xa d:/program files (x86)/atmel/studio/7.0/toolchain/avr8/avr8-gnu-toolchain/bin/../lib/gcc/avr/5.4.0/../../../../avr/lib/avrxmega7\libm.a(cmpsf2.o)
                0x00001a1e                __nesf2
                0x00001a1e                __eqsf2
                0x00001a1e                __cmpsf2
                0x00001a1e                __ltsf2
                0x00001a1e                __lesf2
 .text.avr-libc.fplib
                0x00001a28        0x8 d:/program files (x86)/atmel/studio/7.0/toolchain/avr8/avr8-gnu-toolchain/bin/../lib/gcc/avr/5.4.0/../../../../avr/lib/avrxmega7\libm.a(divsf3.o)
                0x00001a28                __divsf3
 .text.avr-libc.fplib
                0x00001a30       0xdc d:/program files (x86)/atmel/studio/7.0/toolchain/avr8/avr8-gnu-toolchain/bin/../lib/gcc/avr/5.4.0/../../../../avr/lib/avrxmega7\libm.a(divsf3x.o)
                0x00001a50                __divsf3x
                0x00001a56                __divsf3_pse
 .text.avr-libc.fplib
                0x00001b0c       0x5e d:/program files (x86)/atmel/studio/7.0/toolchain/avr8/avr8-gnu-toolchain/bin/../lib/gcc/avr/5.4.0/../../../../avr/lib/avrxmega7\libm.a(fixunssfsi.o)
                0x00001b0c                __fixunssfsi
 .text.avr-libc.fplib
                0x00001b6a       0x7a d:/program files (x86)/atmel/studio/7.0/toolchain/avr8/avr8-gnu-toolchain/bin/../lib/gcc/avr/5.4.0/../../../../avr/lib/avrxmega7\libm.a(floatsisf.o)
                0x00001b6a                __floatunsisf
                0x00001b6e                __floatsisf
 .text.avr-libc.fplib
                0x00001be4       0x48 d:/program files (x86)/atmel/studio/7.0/toolchain/avr8/avr8-gnu-toolchain/bin/../lib/gcc/avr/5.4.0/../../../../avr/lib/avrxmega7\libm.a(fp_cmp.o)
                0x00001be4                __fp_cmp
 .text.avr-libc.fplib
                0x00001c2c        0xc d:/program files (x86)/atmel/studio/7.0/toolchain/avr8/avr8-gnu-toolchain/bin/../lib/gcc/avr/5.4.0/../../../../avr/lib/avrxmega7\libm.a(fp_inf.o)
                0x00001c2c                __fp_inf
 .text.avr-libc.fplib
                0x00001c38        0x6 d:/program files (x86)/atmel/studio/7.0/toolchain/avr8/avr8-gnu-toolchain/bin/../lib/gcc/avr/5.4.0/../../../../avr/lib/avrxmega7\libm.a(fp_nan.o)
                0x00001c38                __fp_nan
 .text.avr-libc.fplib
                0x00001c3e        0xe d:/program files (x86)/atmel/studio/7.0/toolchain/avr8/avr8-gnu-toolchain/bin/../lib/gcc/avr/5.4.0/../../../../avr/lib/avrxmega7\libm.a(fp_pscA.o)
                0x00001c3e                __fp_pscA
 .text.avr-libc.fplib
                0x00001c4c        0xe d:/program files (x86)/atmel/studio/7.0/toolchain/avr8/avr8-gnu-toolchain/bin/../lib/gcc/avr/5.4.0/../../../../avr/lib/avrxmega7\libm.a(fp_pscB.o)
                0x00001c4c                __fp_pscB
 .text.avr-libc.fplib
                0x00001c5a       0x22 d:/program files (x86)/atmel/studio/7.0/toolchain/avr8/avr8-gnu-toolchain/bin/../lib/gcc/avr/5.4.0/../../../../avr/lib/avrxmega7\libm.a(fp_round.o)
                0x00001c5a                __fp_round
 .text.avr-libc.fplib
                0x00001c7c       0x44 d:/program files (x86)/atmel/studio/7.0/toolchain/avr8/avr8-gnu-toolchain/bin/../lib/gcc/avr/5.4.0/../../../../avr/lib/avrxmega7\libm.a(fp_split3.o)
                0x00001c7c                __fp_split3
                0x00001c8c                __fp_splitA
 .text.avr-libc.fplib
                0x00001cc0        0xe d:/program files (x86)/atmel/studio/7.0/toolchain/avr8/avr8-gnu-toolchain/bin/../lib/gcc/avr/5.4.0/../../../../avr/lib/avrxmega7\libm.a(fp_zero.o)
                0x00001cc0                __fp_zero
                0x00001cc2                __fp_szero
 .text.avr-libc.fplib
                0x00001cce        0xa d:/program files (x86)/atmel/studio/7.0/toolchain/avr8/avr8-gnu-toolchain/bin/../lib/gcc/avr/5.4.0/../../../../avr/lib/avrxmega7\libm.a(gesf2.o)
                0x00001cce                __gesf2
                0x00001cce                __gtsf2
 .text.avr-libc.fplib
                0x00001cd8        0x8 d:/program files (x86)/atmel/studio/7.0/toolchain/avr8/avr8-gnu-toolchain/bin/../lib/gcc/avr/5.4.0/../../../../avr/lib/avrxmega7\libm.a(mulsf3.o)
                0x00001cd8                __mulsf3
 .text.avr-libc.fplib
                0x00001ce0       0xd2 d:/program files (x86)/atmel/studio/7.0/toolchain/avr8/avr8-gnu-toolchain/bin/../lib/gcc/avr/5.4.0/../../../../avr/lib/avrxmega7\libm.a(mulsf3x.o)
                0x00001cfe                __mulsf3x
                0x00001d04                __mulsf3_pse
 .text.avr-libc.fplib
                0x00001db2        0xa d:/program files (x86)/atmel/studio/7.0/toolchain/avr8/avr8-gnu-toolchain/bin/../lib/gcc/avr/5.4.0/../../../../avr/lib/avrxmega7\libm.a(unordsf2.o)
                0x00001db2                __unordsf2
 .text.libgcc.div
                0x00001dbc       0x44 d:/program files (x86)/atmel/studio/7.0/toolchain/avr8/avr8-gnu-toolchain/bin/../lib/gcc/avr/5.4.0/avrxmega7\libgcc.a(_udivmodsi4.o)
                0x00001dbc                __udivmodsi4
 .text.libgcc   0x00001e00       0x12 d:/program files (x86)/atmel/studio/7.0/toolchain/avr8/avr8-gnu-toolchain/bin/../lib/gcc/avr/5.4.0/avrxmega7\libgcc.a(_tablejump2.o)
                0x00001e00                __tablejump2__
 .text.avr-libc
                0x00001e12       0x1e d:/program files (x86)/atmel/studio/7.0/toolchain/avr8/avr8-gnu-toolchain/bin/../lib/gcc/avr/5.4.0/../../../../avr/lib/avrxmega7\libc.a(vfprintf_p.o)
                0x00001e12                vfprintf_P
 .text.avr-libc
                0x00001e30      0x408 d:/program files (x86)/atmel/studio/7.0/toolchain/avr8/avr8-gnu-toolchain/bin/../lib/gcc/avr/5.4.0/../../../../avr/lib/avrxmega7\libc.a(vfprintf_std.o)
                0x00001e30                vfprintf
 .text.avr-libc
                0x00002238       0x16 d:/program files (x86)/atmel/studio/7.0/toolchain/avr8/avr8-gnu-toolchain/bin/../lib/gcc/avr/5.4.0/../../../../avr/lib/avrxmega7\libc.a(strnlen_P.o)
                0x00002238                strnlen_P
 .text.avr-libc
                0x0000224e       0x16 d:/program files (x86)/atmel/studio/7.0/toolchain/avr8/avr8-gnu-toolchain/bin/../lib/gcc/avr/5.4.0/../../../../avr/lib/avrxmega7\libc.a(strnlen.o)
                0x0000224e                strnlen
 .text.avr-libc
                0x00002264       0x78 d:/program files (x86)/atmel/studio/7.0/toolchain/avr8/avr8-gnu-toolchain/bin/../lib/gcc/avr/5.4.0/../../../../avr/lib/avrxmega7\libc.a(fputc.o)
                0x00002264                fputc
 .text.avr-libc
                0x000022dc       0xbc d:/program files (x86)/atmel/studio/7.0/toolchain/avr8/avr8-gnu-toolchain/bin/../lib/gcc/avr/5.4.0/../../../../avr/lib/avrxmega7\libc.a(ultoa_invert.o)
                0x000022dc                __ultoa_invert
                0x00002398                . = ALIGN (0x2)
 *(.fini9)
 .fini9         0x00002398        0x0 d:/program files (x86)/atmel/studio/7.0/toolchain/avr8/avr8-gnu-toolchain/bin/../lib/gcc/avr/5.4.0/avrxmega7\libgcc.a(_exit.o)
                0x00002398                _exit
                0x00002398                exit
 *(.fini9)
 *(.fini8)
 *(.fini8)
 *(.fini7)
 *(.fini7)
 *(.fini6)
 *(.fini6)
 *(.fini5)
 *(.fini5)
 *(.fini4)
 *(.fini4)
 *(.fini3)
 *(.fini3)
 *(.fini2)
 *(.fini2)
 *(.fini1)
 *(.fini1)
 *(.fini0)
 .fini0         0x00002398        0x4 d:/program files (x86)/atmel/studio/7.0/toolchain/avr8/avr8-gnu-toolchain/bin/../lib/gcc/avr/5.4.0/avrxmega7\libgcc.a(_exit.o)
 *(.fini0)
                0x0000239c                _etext = .

.data           0x00802000      0x13a load address 0x0000239c
                0x00802000                PROVIDE (__data_start, .)
 *(.data)
 *(.data*)
 .data.tc_regs  0x00802000        0xa Hardware/xmegaBasicTimer.o
                0x00802000                tc_regs
 .data.regs     0x0080200a       0x44 Hardware/xmegaIO.o
                0x0080200a                regs
 .data.iKeyChar
                0x0080204e       0x13 keypad/SingleInputKeypad.o
                0x0080204e                iKeyChar
 .data.hexaKeys
                0x00802061        0xf keypad/MatrixKeypad.o
                0x00802061                hexaKeys
 .data.cols     0x00802070        0x3 keypad/MatrixKeypad.o
                0x00802070                cols
 .data.rows     0x00802073        0x5 keypad/MatrixKeypad.o
                0x00802073                rows
 *(.gnu.linkonce.d*)
 *(.rodata)
 *(.rodata*)
 .rodata.str1.1
                0x00802078        0xf Arduino/Print.o
 .rodata.bitNum
                0x00802087       0x22 Hardware/xmegaIO.o
                0x00802087                bitNum
 .rodata._ZTV14HardwareSerial
                0x008020a9       0x38 Hardware/xmegaUART.o
                0x008020a9                _ZTV14HardwareSerial
 .rodata._ZTV17SingleInputKeypad
                0x008020e1        0xa keypad/SingleInputKeypad.o
                0x008020e1                _ZTV17SingleInputKeypad
 .rodata._ZTV12MatrixKeypad
                0x008020eb        0xa keypad/MatrixKeypad.o
                0x008020eb                _ZTV12MatrixKeypad
 .rodata.str1.1
                0x008020f5       0x2f main.o
 .rodata._ZTV7IOClass
                0x00802124        0xc main.o
                0x00802124                _ZTV7IOClass
 .rodata._ZTV5logic
                0x00802130        0xa main.o
                0x00802130                _ZTV5logic
 *(.gnu.linkonce.r*)
                0x0080213a                . = ALIGN (0x2)
                0x0080213a                _edata = .
                0x0080213a                PROVIDE (__data_end, .)

.bss            0x0080213a      0x871
                0x0080213a                PROVIDE (__bss_start, .)
 *(.bss)
 *(.bss*)
 .bss.millisTimer
                0x0080213a        0x4 Hardware/xmegaBasicTimer.o
                0x0080213a                millisTimer
 .bss.Serial5   0x0080213e      0x40b Hardware/xmegaUART.o
                0x0080213e                Serial5
 .bss.Serial3   0x00802549      0x40b Hardware/xmegaUART.o
                0x00802549                Serial3
 .bss.pinNumber
                0x00802954        0x1 keypad/SingleInputKeypad.o
                0x00802954                pinNumber
 .bss.iKeys     0x00802955       0x16 keypad/SingleInputKeypad.o
                0x00802955                iKeys
 .bss.pinsList  0x0080296b       0x13 keypad/SingleInputKeypad.o
                0x0080296b                pinsList
 .bss._ZL1c     0x0080297e        0x1 keypad/MatrixKeypad.o
 .bss._ZL1r     0x0080297f        0x1 keypad/MatrixKeypad.o
 .bss._ZN12MatrixKeypad6bitMapE
                0x00802980        0x5 keypad/MatrixKeypad.o
                0x00802980                _ZN12MatrixKeypad6bitMapE
 .bss.matrixKeypad
                0x00802985       0x19 keypad/MatrixKeypad.o
                0x00802985                matrixKeypad
 .bss.posLogic  0x0080299e        0x2 main.o
                0x0080299e                posLogic
 .bss.buzzer    0x008029a0        0x5 main.o
                0x008029a0                buzzer
 .bss.pBuzzer   0x008029a5        0x2 main.o
                0x008029a5                pBuzzer
 .bss.pDebugPort
                0x008029a7        0x2 main.o
                0x008029a7                pDebugPort
 .bss.pKeypad   0x008029a9        0x2 main.o
                0x008029a9                pKeypad
 *(COMMON)
                0x008029ab                PROVIDE (__bss_end, .)
                0x0000239c                __data_load_start = LOADADDR (.data)
                0x000024d6                __data_load_end = (__data_load_start + SIZEOF (.data))

.noinit         0x008029ab        0x0
                [!provide]                PROVIDE (__noinit_start, .)
 *(.noinit*)
                [!provide]                PROVIDE (__noinit_end, .)
                0x008029ab                _end = .
                0x008029ab                PROVIDE (__heap_start, .)

.eeprom         0x00810000        0x0
 *(.eeprom*)
                0x00810000                __eeprom_end = .

.fuse
 *(.fuse)
 *(.lfuse)
 *(.hfuse)
 *(.efuse)

.lock
 *(.lock*)

.signature
 *(.signature*)

.user_signatures
 *(.user_signatures*)

.stab
 *(.stab)

.stabstr
 *(.stabstr)

.stab.excl
 *(.stab.excl)

.stab.exclstr
 *(.stab.exclstr)

.stab.index
 *(.stab.index)

.stab.indexstr
 *(.stab.indexstr)

.comment        0x00000000       0x5c
 *(.comment)
 .comment       0x00000000       0x30 Arduino/Print.o
                                 0x31 (size before relaxing)
 .comment       0x00000030       0x31 Hardware/xmegaBasicTimer.o
 .comment       0x00000030       0x31 Hardware/xmegaIO.o
 .comment       0x00000030       0x31 Hardware/xmegaUART.o
 .comment       0x00000030       0x31 keypad/SingleInputKeypad.o
 .comment       0x00000030       0x31 keypad/Key.o
 .comment       0x00000030       0x31 keypad/MatrixKeypad.o
 .comment       0x00000030       0x31 main.o
 .comment       0x00000030       0x31 d:/program files (x86)/atmel/studio/7.0/toolchain/avr8/avr8-gnu-toolchain/bin/../lib/gcc/avr/5.4.0/../../../../avr/lib/avrxmega7\libc.a(vfprintf_p.o)
 .comment       0x00000030       0x2c d:/program files (x86)/atmel/studio/7.0/toolchain/avr8/avr8-gnu-toolchain/bin/../lib/gcc/avr/5.4.0/../../../../avr/lib/avrxmega7\libc.a(vfprintf_std.o)
                                 0x2d (size before relaxing)
 .comment       0x0000005c       0x31 d:/program files (x86)/atmel/studio/7.0/toolchain/avr8/avr8-gnu-toolchain/bin/../lib/gcc/avr/5.4.0/../../../../avr/lib/avrxmega7\libc.a(fputc.o)

.note.gnu.avr.deviceinfo
                0x00000000       0x40
 .note.gnu.avr.deviceinfo
                0x00000000       0x40 D:/Program Files (x86)/Atmel/Studio/7.0/Packs/atmel/XMEGAA_DFP/1.1.68/gcc/dev/atxmega128a4u/avrxmega7/crtatxmega128a4u.o

.note.gnu.build-id
 *(.note.gnu.build-id)

.debug
 *(.debug)

.line
 *(.line)

.debug_srcinfo
 *(.debug_srcinfo)

.debug_sfnames
 *(.debug_sfnames)

.debug_aranges  0x00000000      0x340
 *(.debug_aranges)
 .debug_aranges
                0x00000000      0x110 Arduino/Print.o
 .debug_aranges
                0x00000110       0x48 Hardware/xmegaBasicTimer.o
 .debug_aranges
                0x00000158       0x30 Hardware/xmegaIO.o
 .debug_aranges
                0x00000188       0x80 Hardware/xmegaUART.o
 .debug_aranges
                0x00000208       0x50 keypad/SingleInputKeypad.o
 .debug_aranges
                0x00000258       0x28 keypad/Key.o
 .debug_aranges
                0x00000280       0x50 keypad/MatrixKeypad.o
 .debug_aranges
                0x000002d0       0x70 main.o

.debug_pubnames
 *(.debug_pubnames)

.debug_info     0x00000000     0xc24c
 *(.debug_info .gnu.linkonce.wi.*)
 .debug_info    0x00000000     0x284f D:/Program Files (x86)/Atmel/Studio/7.0/Packs/atmel/XMEGAA_DFP/1.1.68/gcc/dev/atxmega128a4u/avrxmega7/crtatxmega128a4u.o
 .debug_info    0x0000284f     0x2ddc Arduino/Print.o
 .debug_info    0x0000562b     0x1439 Hardware/xmegaBasicTimer.o
 .debug_info    0x00006a64      0x367 Hardware/xmegaIO.o
 .debug_info    0x00006dcb     0x21dd Hardware/xmegaUART.o
 .debug_info    0x00008fa8      0x823 keypad/SingleInputKeypad.o
 .debug_info    0x000097cb      0x1dc keypad/Key.o
 .debug_info    0x000099a7      0x982 keypad/MatrixKeypad.o
 .debug_info    0x0000a329     0x1f23 main.o

.debug_abbrev   0x00000000     0x3efe
 *(.debug_abbrev)
 .debug_abbrev  0x00000000     0x262c D:/Program Files (x86)/Atmel/Studio/7.0/Packs/atmel/XMEGAA_DFP/1.1.68/gcc/dev/atxmega128a4u/avrxmega7/crtatxmega128a4u.o
 .debug_abbrev  0x0000262c      0x482 Arduino/Print.o
 .debug_abbrev  0x00002aae      0x1c3 Hardware/xmegaBasicTimer.o
 .debug_abbrev  0x00002c71      0x144 Hardware/xmegaIO.o
 .debug_abbrev  0x00002db5      0x447 Hardware/xmegaUART.o
 .debug_abbrev  0x000031fc      0x37e keypad/SingleInputKeypad.o
 .debug_abbrev  0x0000357a      0x12c keypad/Key.o
 .debug_abbrev  0x000036a6      0x3d9 keypad/MatrixKeypad.o
 .debug_abbrev  0x00003a7f      0x47f main.o

.debug_line     0x00000000     0x1d81
 *(.debug_line .debug_line.* .debug_line_end)
 .debug_line    0x00000000      0x3b5 D:/Program Files (x86)/Atmel/Studio/7.0/Packs/atmel/XMEGAA_DFP/1.1.68/gcc/dev/atxmega128a4u/avrxmega7/crtatxmega128a4u.o
 .debug_line    0x000003b5      0x6e4 Arduino/Print.o
 .debug_line    0x00000a99      0x324 Hardware/xmegaBasicTimer.o
 .debug_line    0x00000dbd      0x195 Hardware/xmegaIO.o
 .debug_line    0x00000f52      0x420 Hardware/xmegaUART.o
 .debug_line    0x00001372      0x2c2 keypad/SingleInputKeypad.o
 .debug_line    0x00001634       0x76 keypad/Key.o
 .debug_line    0x000016aa      0x34c keypad/MatrixKeypad.o
 .debug_line    0x000019f6      0x38b main.o

.debug_frame    0x00000000      0xa30
 *(.debug_frame)
 .debug_frame   0x00000000      0x3f4 Arduino/Print.o
 .debug_frame   0x000003f4       0xa4 Hardware/xmegaBasicTimer.o
 .debug_frame   0x00000498       0x50 Hardware/xmegaIO.o
 .debug_frame   0x000004e8      0x1ac Hardware/xmegaUART.o
 .debug_frame   0x00000694       0xf0 keypad/SingleInputKeypad.o
 .debug_frame   0x00000784       0x34 keypad/Key.o
 .debug_frame   0x000007b8      0x104 keypad/MatrixKeypad.o
 .debug_frame   0x000008bc      0x174 main.o

.debug_str      0x00000000     0x4da7
 *(.debug_str)
 .debug_str     0x00000000     0x1aa8 D:/Program Files (x86)/Atmel/Studio/7.0/Packs/atmel/XMEGAA_DFP/1.1.68/gcc/dev/atxmega128a4u/avrxmega7/crtatxmega128a4u.o
 .debug_str     0x00001aa8     0x13c8 Arduino/Print.o
                               0x1479 (size before relaxing)
 .debug_str     0x00002e70      0xe8e Hardware/xmegaBasicTimer.o
                                0xf4d (size before relaxing)
 .debug_str     0x00003cfe      0x225 Hardware/xmegaIO.o
                                0x3a3 (size before relaxing)
 .debug_str     0x00003f23      0x601 Hardware/xmegaUART.o
                               0x179f (size before relaxing)
 .debug_str     0x00004524      0x32a keypad/SingleInputKeypad.o
                                0x5a0 (size before relaxing)
 .debug_str     0x0000484e       0x36 keypad/Key.o
                                0x237 (size before relaxing)
 .debug_str     0x00004884      0x1b3 keypad/MatrixKeypad.o
                                0x5d1 (size before relaxing)
 .debug_str     0x00004a37      0x370 main.o
                               0x1432 (size before relaxing)

.debug_loc      0x00000000     0x308b
 *(.debug_loc)
 .debug_loc     0x00000000     0x1c57 Arduino/Print.o
 .debug_loc     0x00001c57      0x141 Hardware/xmegaBasicTimer.o
 .debug_loc     0x00001d98       0xf3 Hardware/xmegaIO.o
 .debug_loc     0x00001e8b      0x53e Hardware/xmegaUART.o
 .debug_loc     0x000023c9      0x3a4 keypad/SingleInputKeypad.o
 .debug_loc     0x0000276d       0x28 keypad/Key.o
 .debug_loc     0x00002795      0x43b keypad/MatrixKeypad.o
 .debug_loc     0x00002bd0      0x4bb main.o

.debug_macinfo
 *(.debug_macinfo)

.debug_weaknames
 *(.debug_weaknames)

.debug_funcnames
 *(.debug_funcnames)

.debug_typenames
 *(.debug_typenames)

.debug_varnames
 *(.debug_varnames)

.debug_pubtypes
 *(.debug_pubtypes)

.debug_ranges   0x00000000      0x320
 *(.debug_ranges)
 .debug_ranges  0x00000000      0x130 Arduino/Print.o
 .debug_ranges  0x00000130       0x38 Hardware/xmegaBasicTimer.o
 .debug_ranges  0x00000168       0x20 Hardware/xmegaIO.o
 .debug_ranges  0x00000188       0x70 Hardware/xmegaUART.o
 .debug_ranges  0x000001f8       0x40 keypad/SingleInputKeypad.o
 .debug_ranges  0x00000238       0x18 keypad/Key.o
 .debug_ranges  0x00000250       0x70 keypad/MatrixKeypad.o
 .debug_ranges  0x000002c0       0x60 main.o

.debug_macro
 *(.debug_macro)
OUTPUT(V4LibTest.elf elf32-avr)
LOAD linker stubs
