Archive member included to satisfy reference by file (symbol)

d:/program files (x86)/atmel/studio/7.0/toolchain/avr8/avr8-gnu-toolchain/bin/../lib/gcc/avr/5.4.0/../../../../avr/lib/avrxmega7\libm.a(addsf3.o)
                              Arduino/Print.o (__subsf3)
d:/program files (x86)/atmel/studio/7.0/toolchain/avr8/avr8-gnu-toolchain/bin/../lib/gcc/avr/5.4.0/../../../../avr/lib/avrxmega7\libm.a(addsf3x.o)
                              d:/program files (x86)/atmel/studio/7.0/toolchain/avr8/avr8-gnu-toolchain/bin/../lib/gcc/avr/5.4.0/../../../../avr/lib/avrxmega7\libm.a(addsf3.o) (__addsf3x)
d:/program files (x86)/atmel/studio/7.0/toolchain/avr8/avr8-gnu-toolchain/bin/../lib/gcc/avr/5.4.0/../../../../avr/lib/avrxmega7\libm.a(cmpsf2.o)
                              Arduino/Print.o (__ltsf2)
d:/program files (x86)/atmel/studio/7.0/toolchain/avr8/avr8-gnu-toolchain/bin/../lib/gcc/avr/5.4.0/../../../../avr/lib/avrxmega7\libm.a(divsf3.o)
                              Arduino/Print.o (__divsf3)
d:/program files (x86)/atmel/studio/7.0/toolchain/avr8/avr8-gnu-toolchain/bin/../lib/gcc/avr/5.4.0/../../../../avr/lib/avrxmega7\libm.a(divsf3x.o)
                              d:/program files (x86)/atmel/studio/7.0/toolchain/avr8/avr8-gnu-toolchain/bin/../lib/gcc/avr/5.4.0/../../../../avr/lib/avrxmega7\libm.a(divsf3.o) (__divsf3x)
d:/program files (x86)/atmel/studio/7.0/toolchain/avr8/avr8-gnu-toolchain/bin/../lib/gcc/avr/5.4.0/../../../../avr/lib/avrxmega7\libm.a(fixunssfsi.o)
                              Arduino/Print.o (__fixunssfsi)
d:/program files (x86)/atmel/studio/7.0/toolchain/avr8/avr8-gnu-toolchain/bin/../lib/gcc/avr/5.4.0/../../../../avr/lib/avrxmega7\libm.a(floatsisf.o)
                              Arduino/Print.o (__floatunsisf)
d:/program files (x86)/atmel/studio/7.0/toolchain/avr8/avr8-gnu-toolchain/bin/../lib/gcc/avr/5.4.0/../../../../avr/lib/avrxmega7\libm.a(fp_cmp.o)
                              d:/program files (x86)/atmel/studio/7.0/toolchain/avr8/avr8-gnu-toolchain/bin/../lib/gcc/avr/5.4.0/../../../../avr/lib/avrxmega7\libm.a(cmpsf2.o) (__fp_cmp)
d:/program files (x86)/atmel/studio/7.0/toolchain/avr8/avr8-gnu-toolchain/bin/../lib/gcc/avr/5.4.0/../../../../avr/lib/avrxmega7\libm.a(fp_inf.o)
                              d:/program files (x86)/atmel/studio/7.0/toolchain/avr8/avr8-gnu-toolchain/bin/../lib/gcc/avr/5.4.0/../../../../avr/lib/avrxmega7\libm.a(addsf3x.o) (__fp_inf)
d:/program files (x86)/atmel/studio/7.0/toolchain/avr8/avr8-gnu-toolchain/bin/../lib/gcc/avr/5.4.0/../../../../avr/lib/avrxmega7\libm.a(fp_nan.o)
                              d:/program files (x86)/atmel/studio/7.0/toolchain/avr8/avr8-gnu-toolchain/bin/../lib/gcc/avr/5.4.0/../../../../avr/lib/avrxmega7\libm.a(addsf3x.o) (__fp_nan)
d:/program files (x86)/atmel/studio/7.0/toolchain/avr8/avr8-gnu-toolchain/bin/../lib/gcc/avr/5.4.0/../../../../avr/lib/avrxmega7\libm.a(fp_pscA.o)
                              d:/program files (x86)/atmel/studio/7.0/toolchain/avr8/avr8-gnu-toolchain/bin/../lib/gcc/avr/5.4.0/../../../../avr/lib/avrxmega7\libm.a(addsf3x.o) (__fp_pscA)
d:/program files (x86)/atmel/studio/7.0/toolchain/avr8/avr8-gnu-toolchain/bin/../lib/gcc/avr/5.4.0/../../../../avr/lib/avrxmega7\libm.a(fp_pscB.o)
                              d:/program files (x86)/atmel/studio/7.0/toolchain/avr8/avr8-gnu-toolchain/bin/../lib/gcc/avr/5.4.0/../../../../avr/lib/avrxmega7\libm.a(addsf3x.o) (__fp_pscB)
d:/program files (x86)/atmel/studio/7.0/toolchain/avr8/avr8-gnu-toolchain/bin/../lib/gcc/avr/5.4.0/../../../../avr/lib/avrxmega7\libm.a(fp_round.o)
                              d:/program files (x86)/atmel/studio/7.0/toolchain/avr8/avr8-gnu-toolchain/bin/../lib/gcc/avr/5.4.0/../../../../avr/lib/avrxmega7\libm.a(addsf3.o) (__fp_round)
d:/program files (x86)/atmel/studio/7.0/toolchain/avr8/avr8-gnu-toolchain/bin/../lib/gcc/avr/5.4.0/../../../../avr/lib/avrxmega7\libm.a(fp_split3.o)
                              d:/program files (x86)/atmel/studio/7.0/toolchain/avr8/avr8-gnu-toolchain/bin/../lib/gcc/avr/5.4.0/../../../../avr/lib/avrxmega7\libm.a(addsf3x.o) (__fp_split3)
d:/program files (x86)/atmel/studio/7.0/toolchain/avr8/avr8-gnu-toolchain/bin/../lib/gcc/avr/5.4.0/../../../../avr/lib/avrxmega7\libm.a(fp_zero.o)
                              d:/program files (x86)/atmel/studio/7.0/toolchain/avr8/avr8-gnu-toolchain/bin/../lib/gcc/avr/5.4.0/../../../../avr/lib/avrxmega7\libm.a(addsf3x.o) (__fp_zero)
d:/program files (x86)/atmel/studio/7.0/toolchain/avr8/avr8-gnu-toolchain/bin/../lib/gcc/avr/5.4.0/../../../../avr/lib/avrxmega7\libm.a(gesf2.o)
                              Arduino/Print.o (__gtsf2)
d:/program files (x86)/atmel/studio/7.0/toolchain/avr8/avr8-gnu-toolchain/bin/../lib/gcc/avr/5.4.0/../../../../avr/lib/avrxmega7\libm.a(mulsf3.o)
                              Arduino/Print.o (__mulsf3)
d:/program files (x86)/atmel/studio/7.0/toolchain/avr8/avr8-gnu-toolchain/bin/../lib/gcc/avr/5.4.0/../../../../avr/lib/avrxmega7\libm.a(mulsf3x.o)
[...]
Memory Configuration

Name             Origin             Length             Attributes
text             0x00000000         0x00100000         xr
data             0x00802000         0x0000ffa0         rw !x
eeprom           0x00810000         0x00010000         rw !x
fuse             0x00820000         0x00000006         rw !x
lock             0x00830000         0x00000400         rw !x
signature        0x00840000         0x00000400         rw !x
user_signatures  0x00850000         0x00000400         rw !x
*default*        0x00000000         0xffffffff

Linker script and memory map

LOAD D:/Program Files (x86)/Atmel/Studio/7.0/Packs/atmel/XMEGAA_DFP/1.1.68/gcc/dev/atxmega128a4u/avrxmega7/crtatxmega128a4u.o
LOAD Arduino/Print.o
LOAD Arduino/Stream.o
LOAD Arduino/WString.o
LOAD Hardware/xmegaBasicTimer.o
LOAD Hardware/xmegaIO.o
LOAD Hardware/xmegaUART.o
LOAD keypad/SingleInputKeypad.o
LOAD keypad/Key.o
LOAD keypad/MatrixKeypad.o
LOAD lcd/Clib/mui.o
LOAD lcd/Clib/mui_u8g2.o
LOAD lcd/Clib/u8g2_bitmap.o
LOAD lcd/Clib/u8g2_box.o
LOAD lcd/Clib/u8g2_buffer.o
LOAD lcd/Clib/u8g2_button.o
LOAD lcd/Clib/u8g2_circle.o
LOAD lcd/Clib/u8g2_cleardisplay.o
LOAD lcd/Clib/u8g2_d_memory.o
LOAD lcd/Clib/u8g2_d_setup.o
LOAD lcd/Clib/u8g2_font.o
LOAD lcd/Clib/u8g2_fonts.o
LOAD lcd/Clib/u8g2_hvline.o
LOAD lcd/Clib/u8g2_input_value.o
LOAD lcd/Clib/u8g2_intersection.o
LOAD lcd/Clib/u8g2_kerning.o
LOAD lcd/Clib/u8g2_line.o
LOAD lcd/Clib/u8g2_ll_hvline.o
LOAD lcd/Clib/u8g2_message.o
LOAD lcd/Clib/u8g2_polygon.o
LOAD lcd/Clib/u8g2_selection_list.o
LOAD lcd/Clib/u8g2_setup.o
LOAD lcd/Clib/u8log.o
LOAD lcd/Clib/u8log_u8g2.o
LOAD lcd/Clib/u8log_u8x8.o
LOAD lcd/Clib/u8x8_8x8.o
LOAD lcd/Clib/u8x8_byte.o
LOAD lcd/Clib/u8x8_cad.o
LOAD lcd/Clib/u8x8_capture.o
LOAD lcd/Clib/u8x8_debounce.o
LOAD lcd/Clib/u8x8_display.o
LOAD lcd/Clib/u8x8_d_a2printer.o
LOAD lcd/Clib/u8x8_d_gp1247ai.o
LOAD lcd/Clib/u8x8_d_gp1287ai.o
LOAD lcd/Clib/u8x8_d_gu800.o
LOAD lcd/Clib/u8x8_d_hd44102.o
LOAD lcd/Clib/u8x8_d_il3820_296x128.o
LOAD lcd/Clib/u8x8_d_ist3020.o
LOAD lcd/Clib/u8x8_d_ist3088.o
LOAD lcd/Clib/u8x8_d_ist7920.o
LOAD lcd/Clib/u8x8_d_ks0108.o
LOAD lcd/Clib/u8x8_d_lc7981.o
LOAD lcd/Clib/u8x8_d_ld7032_60x32.o
LOAD lcd/Clib/u8x8_d_ls013b7dh03.o
LOAD lcd/Clib/u8x8_d_max7219.o
LOAD lcd/Clib/u8x8_d_pcd8544_84x48.o
LOAD lcd/Clib/u8x8_d_pcf8812.o
LOAD lcd/Clib/u8x8_d_pcf8814_hx1230.o
LOAD lcd/Clib/u8x8_d_s1d15300.o
LOAD lcd/Clib/u8x8_d_s1d15721.o
LOAD lcd/Clib/u8x8_d_s1d15e06.o
LOAD lcd/Clib/u8x8_d_sbn1661.o
LOAD lcd/Clib/u8x8_d_sed1330.o
LOAD lcd/Clib/u8x8_d_sh1106_64x32.o
LOAD lcd/Clib/u8x8_d_sh1106_72x40.o
LOAD lcd/Clib/u8x8_d_sh1107.o
LOAD lcd/Clib/u8x8_d_sh1108.o
LOAD lcd/Clib/u8x8_d_sh1122.o
LOAD lcd/Clib/u8x8_d_ssd1305.o
LOAD lcd/Clib/u8x8_d_ssd1306_128x32.o
LOAD lcd/Clib/u8x8_d_ssd1306_128x64_noname.o
LOAD lcd/Clib/u8x8_d_ssd1306_2040x16.o
LOAD lcd/Clib/u8x8_d_ssd1306_48x64.o
LOAD lcd/Clib/u8x8_d_ssd1306_64x32.o
LOAD lcd/Clib/u8x8_d_ssd1306_64x48.o
LOAD lcd/Clib/u8x8_d_ssd1306_72x40.o
LOAD lcd/Clib/u8x8_d_ssd1306_96x16.o
LOAD lcd/Clib/u8x8_d_ssd1306_96x40.o
LOAD lcd/Clib/u8x8_d_ssd1309.o
LOAD lcd/Clib/u8x8_d_ssd1316.o
LOAD lcd/Clib/u8x8_d_ssd1317.o
LOAD lcd/Clib/u8x8_d_ssd1318.o
LOAD lcd/Clib/u8x8_d_ssd1320.o
LOAD lcd/Clib/u8x8_d_ssd1322.o
LOAD lcd/Clib/u8x8_d_ssd1325.o
LOAD lcd/Clib/u8x8_d_ssd1326.o
LOAD lcd/Clib/u8x8_d_ssd1327.o
LOAD lcd/Clib/u8x8_d_ssd1329.o
LOAD lcd/Clib/u8x8_d_ssd1362.o
LOAD lcd/Clib/u8x8_d_ssd1606_172x72.o
LOAD lcd/Clib/u8x8_d_ssd1607_200x200.o
LOAD lcd/Clib/u8x8_d_st7511.o
LOAD lcd/Clib/u8x8_d_st75160.o
LOAD lcd/Clib/u8x8_d_st75256.o
LOAD lcd/Clib/u8x8_d_st7528.o
LOAD lcd/Clib/u8x8_d_st75320.o
LOAD lcd/Clib/u8x8_d_st7539.o
LOAD lcd/Clib/u8x8_d_st7565.o
LOAD lcd/Clib/u8x8_d_st7567.o
LOAD lcd/Clib/u8x8_d_st7571.o
LOAD lcd/Clib/u8x8_d_st7586s_erc240160.o
LOAD lcd/Clib/u8x8_d_st7586s_jlx384160.o
LOAD lcd/Clib/u8x8_d_st7586s_s028hn118a.o
LOAD lcd/Clib/u8x8_d_st7586s_ymc240160.o
LOAD lcd/Clib/u8x8_d_st7588.o
LOAD lcd/Clib/u8x8_d_st7920.o
LOAD lcd/Clib/u8x8_d_stdio.o
LOAD lcd/Clib/u8x8_d_t6963.o
LOAD lcd/Clib/u8x8_d_uc1601.o
LOAD lcd/Clib/u8x8_d_uc1604.o
LOAD lcd/Clib/u8x8_d_uc1608.o
LOAD lcd/Clib/u8x8_d_uc1609.o
LOAD lcd/Clib/u8x8_d_uc1610.o
LOAD lcd/Clib/u8x8_d_uc1611.o
LOAD lcd/Clib/u8x8_d_uc1617.o
LOAD lcd/Clib/u8x8_d_uc1638.o
LOAD lcd/Clib/u8x8_d_uc1701_dogs102.o
LOAD lcd/Clib/u8x8_d_uc1701_mini12864.o
LOAD lcd/Clib/u8x8_fonts.o
LOAD lcd/Clib/u8x8_gpio.o
LOAD lcd/Clib/u8x8_input_value.o
LOAD lcd/Clib/u8x8_message.o
LOAD lcd/Clib/u8x8_selection_list.o
LOAD lcd/Clib/u8x8_setup.o
LOAD lcd/Clib/u8x8_string.o
LOAD lcd/Clib/u8x8_u16toa.o
LOAD lcd/Clib/u8x8_u8toa.o
LOAD lcd/PersianReshaper.o
LOAD lcd/ST7565Lcd.o
LOAD lcd/T6963Lcd.o
LOAD main.o
START GROUP
LOAD d:/program files (x86)/atmel/studio/7.0/toolchain/avr8/avr8-gnu-toolchain/bin/../lib/gcc/avr/5.4.0/../../../../avr/lib/avrxmega7\libm.a
END GROUP
LOAD d:/program files (x86)/atmel/studio/7.0/toolchain/avr8/avr8-gnu-toolchain/bin/../lib/gcc/avr/5.4.0/avrxmega7\libgcc.a
LOAD d:/program files (x86)/atmel/studio/7.0/toolchain/avr8/avr8-gnu-toolchain/bin/../lib/gcc/avr/5.4.0/../../../../avr/lib/avrxmega7\libm.a
START GROUP
LOAD d:/program files (x86)/atmel/studio/7.0/toolchain/avr8/avr8-gnu-toolchain/bin/../lib/gcc/avr/5.4.0/avrxmega7\libgcc.a
LOAD d:/program files (x86)/atmel/studio/7.0/toolchain/avr8/avr8-gnu-toolchain/bin/../lib/gcc/avr/5.4.0/../../../../avr/lib/avrxmega7\libm.a
LOAD d:/program files (x86)/atmel/studio/7.0/toolchain/avr8/avr8-gnu-toolchain/bin/../lib/gcc/avr/5.4.0/../../../../avr/lib/avrxmega7\libc.a
LOAD D:/Program Files (x86)/Atmel/Studio/7.0/Packs/atmel/XMEGAA_DFP/1.1.68/gcc/dev/atxmega128a4u/avrxmega7\libatxmega128a4u.a
END GROUP
                0x00100000                __TEXT_REGION_LENGTH__ = DEFINED (__TEXT_REGION_LENGTH__)?__TEXT_REGION_LENGTH__:0x100000
                0x0000ffa0                __DATA_REGION_LENGTH__ = DEFINED (__DATA_REGION_LENGTH__)?__DATA_REGION_LENGTH__:0xffa0
                0x00010000                __EEPROM_REGION_LENGTH__ = DEFINED (__EEPROM_REGION_LENGTH__)?__EEPROM_REGION_LENGTH__:0x10000
                [0x00000006]                __FUSE_REGION_LENGTH__ = DEFINED (__FUSE_REGION_LENGTH__)?__FUSE_REGION_LENGTH__:0x400
                0x00000400                __LOCK_REGION_LENGTH__ = DEFINED (__LOCK_REGION_LENGTH__)?__LOCK_REGION_LENGTH__:0x400
                0x00000400                __SIGNATURE_REGION_LENGTH__ = DEFINED (__SIGNATURE_REGION_LENGTH__)?__SIGNATURE_REGION_LENGTH__:0x400
                0x00000400                __USER_SIGNATURE_REGION_LENGTH__ = DEFINED (__USER_SIGNATURE_REGION_LENGTH__)?__USER_SIGNATURE_REGION_LENGTH__:0x400

.hash
 *(.hash)

.dynsym
 *(.dynsym)

.dynstr
 *(.dynstr)

.gnu.version
 *(.gnu.version)

.gnu.version_d
 *(.gnu.version_d)

.gnu.version_r
 *(.gnu.version_r)

.rel.init
 *(.rel.init)

.rela.init
 *(.rela.init)

.rel.text
 *(.rel.text)
 *(.rel.text.*)
 *(.rel.gnu.linkonce.t*)

.rela.text
 *(.rela.text)
 *(.rela.text.*)
 *(.rela.gnu.linkonce.t*)

.rel.fini
 *(.rel.fini)

.rela.fini
 *(.rela.fini)

.rel.rodata
 *(.rel.rodata)
 *(.rel.rodata.*)
 *(.rel.gnu.linkonce.r*)

.rela.rodata
 *(.rela.rodata)
 *(.rela.rodata.*)
 *(.rela.gnu.linkonce.r*)

.rel.data
 *(.rel.data)
 *(.rel.data.*)
 *(.rel.gnu.linkonce.d*)

.rela.data
 *(.rela.data)
 *(.rela.data.*)
 *(.rela.gnu.linkonce.d*)

.rel.ctors
 *(.rel.ctors)

.rela.ctors
 *(.rela.ctors)

.rel.dtors
 *(.rel.dtors)

.rela.dtors
 *(.rela.dtors)

.rel.got
 *(.rel.got)

.rela.got
 *(.rela.got)

.rel.bss
 *(.rel.bss)

.rela.bss
 *(.rela.bss)

.rel.plt
 *(.rel.plt)

.rela.plt
 *(.rela.plt)

.text           0x00000000     0x539a
 *(.vectors)
 .vectors       0x00000000      0x1fc D:/Program Files (x86)/Atmel/Studio/7.0/Packs/atmel/XMEGAA_DFP/1.1.68/gcc/dev/atxmega128a4u/avrxmega7/crtatxmega128a4u.o
                0x00000000                __vectors
                0x00000000                __vector_default
 *(.vectors)
 *(.progmem.gcc*)
                0x000001fc                . = ALIGN (0x2)
                0x000001fc                __trampolines_start = .
 *(.trampolines)
 .trampolines   0x000001fc       0x9c linker stubs
 *(.trampolines*)
                0x00000298                __trampolines_end = .
 *libprintf_flt.a:*(.progmem.data)
 *libc.a:*(.progmem.data)
 *(.progmem*)
 .progmem.IRANSansXMedium1
                0x00000298     0x1797 main.o
                0x00001a30                . = ALIGN (0x2)
 *fill*         0x00001a2f        0x1 
 *(.jumptables)
 *(.jumptables*)
 *(.lowtext)
 *(.lowtext*)
                0x00001a30                __ctors_start = .
 *(.ctors)
 .ctors         0x00001a30        0x2 Hardware/xmegaUART.o
 .ctors         0x00001a32        0x2 keypad/SingleInputKeypad.o
 .ctors         0x00001a34        0x2 keypad/MatrixKeypad.o
 .ctors         0x00001a36        0x2 main.o
                0x00001a38                __ctors_end = .
                0x00001a38                __dtors_start = .
 *(.dtors)
                0x00001a38                __dtors_end = .
 SORT(*)(.ctors)
 SORT(*)(.dtors)
 *(.init0)
 .init0         0x00001a38        0x0 D:/Program Files (x86)/Atmel/Studio/7.0/Packs/atmel/XMEGAA_DFP/1.1.68/gcc/dev/atxmega128a4u/avrxmega7/crtatxmega128a4u.o
                0x00001a38                __init
 *(.init0)
 *(.init1)
 *(.init1)
 *(.init2)
 .init2         0x00001a38       0x18 D:/Program Files (x86)/Atmel/Studio/7.0/Packs/atmel/XMEGAA_DFP/1.1.68/gcc/dev/atxmega128a4u/avrxmega7/crtatxmega128a4u.o
 *(.init2)
 *(.init3)
 *(.init3)
 *(.init4)
 .init4         0x00001a50       0x1c d:/program files (x86)/atmel/studio/7.0/toolchain/avr8/avr8-gnu-toolchain/bin/../lib/gcc/avr/5.4.0/avrxmega7\libgcc.a(_copy_data.o)
                0x00001a50                __do_copy_data
 .init4         0x00001a6c       0x10 d:/program files (x86)/atmel/studio/7.0/toolchain/avr8/avr8-gnu-toolchain/bin/../lib/gcc/avr/5.4.0/avrxmega7\libgcc.a(_clear_bss.o)
                0x00001a6c                __do_clear_bss
 *(.init4)
 *(.init5)
 *(.init5)
 *(.init6)
 .init6         0x00001a7c       0x20 d:/program files (x86)/atmel/studio/7.0/toolchain/avr8/avr8-gnu-toolchain/bin/../lib/gcc/avr/5.4.0/avrxmega7\libgcc.a(_ctors.o)
                0x00001a7c                __do_global_ctors
 *(.init6)
 *(.init7)
 *(.init7)
 *(.init8)
 *(.init8)
 *(.init9)
 .init9         0x00001a9c        0x8 D:/Program Files (x86)/Atmel/Studio/7.0/Packs/atmel/XMEGAA_DFP/1.1.68/gcc/dev/atxmega128a4u/avrxmega7/crtatxmega128a4u.o
 *(.init9)
 *(.text)
 .text          0x00001aa4        0x4 D:/Program Files (x86)/Atmel/Studio/7.0/Packs/atmel/XMEGAA_DFP/1.1.68/gcc/dev/atxmega128a4u/avrxmega7/crtatxmega128a4u.o
                0x00001aa4                __vector_30
                0x00001aa4                __vector_31
                0x00001aa4                __vector_73
                0x00001aa4                __vector_71
                0x00001aa4                __vector_74
                0x00001aa4                __vector_38
                0x00001aa4                __vector_37
                0x00001aa4                __vector_36
                0x00001aa4                __vector_79
                0x00001aa4                __vector_70
                0x00001aa4                __vector_72
                0x00001aa4                __vector_100
                0x00001aa4                __vector_102
                0x00001aa4                __vector_101
                0x00001aa4                __vector_121
                0x00001aa4                __vector_122
                0x00001aa4                __vector_123
                0x00001aa4                __vector_33
                0x00001aa4                __vector_124
                0x00001aa4                __vector_32
                0x00001aa4                __vector_39
                0x00001aa4                __vector_76
                0x00001aa4                __vector_75
                0x00001aa4                __vector_35
                0x00001aa4                __vector_78
                0x00001aa4                __vector_34
                0x00001aa4                __vector_77
                0x00001aa4                __vector_125
                0x00001aa4                __vector_126
                0x00001aa4                __vector_21
                0x00001aa4                __vector_66
                0x00001aa4                __vector_22
                0x00001aa4                __vector_64
                0x00001aa4                __vector_67
                0x00001aa4                __vector_29
                0x00001aa4                __vector_28
                0x00001aa4                __vector_60
                0x00001aa4                __vector_27
                0x00001aa4                __vector_62
                0x00001aa4                __vector_61
                0x00001aa4                __vector_63
                0x00001aa4                __vector_65
                0x00001aa4                __vector_114
                0x00001aa4                __vector_115
                0x00001aa4                __vector_116
                0x00001aa4                __vector_117
                0x00001aa4                __vector_24
                0x00001aa4                __vector_23
                0x00001aa4                __vector_69
                0x00001aa4                __vector_68
                0x00001aa4                __vector_25
                0x00001aa4                __vector_26
                0x00001aa4                __vector_118
                0x00001aa4                __vector_119
                0x00001aa4                __vector_12
                0x00001aa4                __vector_55
                0x00001aa4                __vector_53
                0x00001aa4                __vector_13
                0x00001aa4                __vector_10
                0x00001aa4                __vector_56
                0x00001aa4                __vector_90
                0x00001aa4                __vector_19
                0x00001aa4                __vector_51
                0x00001aa4                __vector_18
                0x00001aa4                __vector_50
                0x00001aa4                __vector_52
                0x00001aa4                __vector_11
                0x00001aa4                __vector_54
                0x00001aa4                __vector_3
                0x00001aa4                __vector_4
                0x00001aa4                __vector_9
                0x00001aa4                __vector_99
                0x00001aa4                __vector_96
                0x00001aa4                __vector_2
                0x00001aa4                __vector_92
                0x00001aa4                __vector_1
                0x00001aa4                __vector_120
                0x00001aa4                __vector_98
                0x00001aa4                __vector_7
                0x00001aa4                __vector_103
                0x00001aa4                __vector_6
                0x00001aa4                __vector_104
                0x00001aa4                __vector_5
                0x00001aa4                __vector_105
                0x00001aa4                __vector_91
                0x00001aa4                __vector_97
                0x00001aa4                __vector_8
                0x00001aa4                __vector_106
                0x00001aa4                __vector_15
                0x00001aa4                __vector_57
                0x00001aa4                __vector_95
                0x00001aa4                __vector_16
                0x00001aa4                __vector_93
                0x00001aa4                __vector_109
                0x00001aa4                __vector_17
                0x00001aa4                __vector_94
                0x00001aa4                __vector_59
                0x00001aa4                __vector_107
                0x00001aa4                __vector_108
                0x00001aa4                __bad_interrupt
                0x00001aa4                __vector_84
                0x00001aa4                __vector_40
                0x00001aa4                __vector_82
                0x00001aa4                __vector_85
                0x00001aa4                __vector_80
                0x00001aa4                __vector_47
                0x00001aa4                __vector_46
                0x00001aa4                __vector_45
                0x00001aa4                __vector_83
                0x00001aa4                __vector_81
                0x00001aa4                __vector_111
                0x00001aa4                __vector_110
                0x00001aa4                __vector_113
                0x00001aa4                __vector_112
                0x00001aa4                __vector_49
                0x00001aa4                __vector_41
                0x00001aa4                __vector_42
                0x00001aa4                __vector_87
                0x00001aa4                __vector_86
                0x00001aa4                __vector_48
                0x00001aa4                __vector_89
                0x00001aa4                __vector_44
                0x00001aa4                __vector_43
                0x00001aa8                . = ALIGN (0x2)
 *(.text.*)
 .text._ZN5Print17availableForWriteEv
                0x00001aa8        0x6 Arduino/Print.o
                0x00001aa8                _ZN5Print17availableForWriteEv
 .text._ZN5Print5flushEv
                0x00001aae        0x2 Arduino/Print.o
                0x00001aae                _ZN5Print5flushEv
 .text._ZN5Print5writeEPKhj
                0x00001ab0       0x5e Arduino/Print.o
                0x00001ab0                _ZN5Print5writeEPKhj
 .text._ZL14printf_putcharcP6__file
                0x00001b0e       0x1e Arduino/Print.o
 .text._ZN5Print5printERK6String
                0x00001b2c       0x1e Arduino/Print.o
                0x00001b2c                _ZN5Print5printERK6String
 .text._ZN5Print5printEPKc
                0x00001b4a       0x2c Arduino/Print.o
                0x00001b4a                _ZN5Print5printEPKc
 .text._ZN5Print6printfEPKcz
                0x00001b76       0x44 Arduino/Print.o
                0x00001b76                _ZN5Print6printfEPKcz
 .text._ZN6StringD2Ev
                0x00001bba        0xc Arduino/WString.o
                0x00001bba                _ZN6StringD1Ev
                0x00001bba                _ZN6StringD2Ev
 .text._ZN6String10invalidateEv
                0x00001bc6       0x24 Arduino/WString.o
                0x00001bc6                _ZN6String10invalidateEv
 .text._ZN6String12changeBufferEj
                0x00001bea       0x34 Arduino/WString.o
                0x00001bea                _ZN6String12changeBufferEj
 .text._ZN6String7reserveEj
                0x00001c1e       0x40 Arduino/WString.o
                0x00001c1e                _ZN6String7reserveEj
 .text._ZN6String4copyEPKcj
                0x00001c5e       0x42 Arduino/WString.o
                0x00001c5e                _ZN6String4copyEPKcj
 .text._ZN6StringC2EPKc
                0x00001ca0       0x2a Arduino/WString.o
                0x00001ca0                _ZN6StringC2EPKc
                0x00001ca0                _ZN6StringC1EPKc
 .text._ZN6String6concatEPKcj
                0x00001cca       0x5c Arduino/WString.o
                0x00001cca                _ZN6String6concatEPKcj
 .text._ZN6String6concatEPKc
                0x00001d26       0x20 Arduino/WString.o
                0x00001d26                _ZN6String6concatEPKc
 .text.initTimer10Ms
                0x00001d46       0x7e Hardware/xmegaBasicTimer.o
                0x00001d46                initTimer10Ms
 .text.clockConfig
                0x00001dc4       0x74 Hardware/xmegaBasicTimer.o
                0x00001dc4                clockConfig
 .text.millisTimerConfig
                0x00001e38       0x8e Hardware/xmegaBasicTimer.o
                0x00001e38                millisTimerConfig
 .text.millis   0x00001ec6       0x12 Hardware/xmegaBasicTimer.o
                0x00001ec6                millis
 .text.__vector_14
                0x00001ed8       0x82 Hardware/xmegaBasicTimer.o
                0x00001ed8                __vector_14
 .text.pinMode  0x00001f5a      0x13c Hardware/xmegaIO.o
                0x00001f5a                pinMode
 .text.digitalWrite
                0x00002096       0x60 Hardware/xmegaIO.o
                0x00002096                digitalWrite
 .text.digitalRead
                0x000020f6       0x30 Hardware/xmegaIO.o
                0x000020f6                digitalRead
 .text._ZN14HardwareSerial5writeEh
                0x00002126       0x18 Hardware/xmegaUART.o
                0x00002126                _ZN14HardwareSerial5writeEh
 .text._ZN14HardwareSerial9availableEv
                0x0000213e       0x16 Hardware/xmegaUART.o
                0x0000213e                _ZN14HardwareSerial9availableEv
 .text._ZN14HardwareSerial4peekEv
                0x00002154       0x24 Hardware/xmegaUART.o
                0x00002154                _ZN14HardwareSerial4peekEv
 .text._ZN14HardwareSerial4readEv
                0x00002178       0x34 Hardware/xmegaUART.o
                0x00002178                _ZN14HardwareSerial4readEv
 .text._ZN14HardwareSerial5beginEmh
                0x000021ac       0x90 Hardware/xmegaUART.o
                0x000021ac                _ZN14HardwareSerial5beginEmh
 .text._ZN14HardwareSerial16_rx_complete_irqEv
                0x0000223c       0x52 Hardware/xmegaUART.o
                0x0000223c                _ZN14HardwareSerial16_rx_complete_irqEv
 .text.__vector_88
                0x0000228e       0x6a Hardware/xmegaUART.o
                0x0000228e                __vector_88
 .text.__vector_58
                0x000022f8       0x6a Hardware/xmegaUART.o
                0x000022f8                __vector_58
 .text._GLOBAL__sub_I_Serial3
                0x00002362       0x8e Hardware/xmegaUART.o
 .text._ZN17SingleInputKeypad6notifyEv
                0x000023f0       0x70 keypad/SingleInputKeypad.o
                0x000023f0                _ZN17SingleInputKeypad6notifyEv
 .text._ZN17SingleInputKeypad10registerObEP11KeyObserver
                0x00002460        0x8 keypad/SingleInputKeypad.o
                0x00002460                _ZN17SingleInputKeypad10registerObEP11KeyObserver
 .text._ZN17SingleInputKeypad4scanEv
                0x00002468      0x14e keypad/SingleInputKeypad.o
                0x00002468                _ZN17SingleInputKeypad4scanEv
 .text._ZN17SingleInputKeypadC2EhPcPhh
                0x000025b6       0x80 keypad/SingleInputKeypad.o
                0x000025b6                _ZN17SingleInputKeypadC2EhPcPhh
                0x000025b6                _ZN17SingleInputKeypadC1EhPcPhh
 .text._GLOBAL__sub_I_pinsList
                0x00002636       0x1a keypad/SingleInputKeypad.o
 .text._ZN3KeyC2Ev
                0x00002650        0x8 keypad/Key.o
                0x00002650                _ZN3KeyC1Ev
                0x00002650                _ZN3KeyC2Ev
 .text._ZN12MatrixKeypad6notifyEv
                0x00002658       0x70 keypad/MatrixKeypad.o
                0x00002658                _ZN12MatrixKeypad6notifyEv
 .text._ZN12MatrixKeypad10registerObEP11KeyObserver
                0x000026c8        0x8 keypad/MatrixKeypad.o
                0x000026c8                _ZN12MatrixKeypad10registerObEP11KeyObserver
 .text._ZN12MatrixKeypad4scanEv
                0x000026d0      0x21e keypad/MatrixKeypad.o
                0x000026d0                _ZN12MatrixKeypad4scanEv
 .text._ZN12MatrixKeypadC2EhPcPhS1_hh
                0x000028ee       0xc6 keypad/MatrixKeypad.o
                0x000028ee                _ZN12MatrixKeypadC1EhPcPhS1_hh
                0x000028ee                _ZN12MatrixKeypadC2EhPcPhS1_hh
 .text._GLOBAL__sub_I_rows
                0x000029b4       0x38 keypad/MatrixKeypad.o
 .text.u8g2_send_buffer
                0x000029ec       0x98 lcd/Clib/u8g2_buffer.o
 .text.u8g2_ClearBuffer
                0x00002a84       0x2c lcd/Clib/u8g2_buffer.o
                0x00002a84                u8g2_ClearBuffer
 .text.u8g2_SetBufferCurrTileRow
                0x00002ab0       0x28 lcd/Clib/u8g2_buffer.o
                0x00002ab0                u8g2_SetBufferCurrTileRow
 .text.u8g2_FirstPage
                0x00002ad8       0x26 lcd/Clib/u8g2_buffer.o
                0x00002ad8                u8g2_FirstPage
 .text.u8g2_NextPage
                0x00002afe       0x4a lcd/Clib/u8g2_buffer.o
                0x00002afe                u8g2_NextPage
 .text.u8g2_UpdateDisplay
                0x00002b48        0x6 lcd/Clib/u8g2_buffer.o
                0x00002b48                u8g2_UpdateDisplay
 .text.u8g2_ClearDisplay
                0x00002b4e       0x22 lcd/Clib/u8g2_cleardisplay.o
                0x00002b4e                u8g2_ClearDisplay
 .text.u8g2_m_17_4_f
                0x00002b70        0xc lcd/Clib/u8g2_d_memory.o
                0x00002b70                u8g2_m_17_4_f
 .text.u8g2_Setup_st7565_ea_dogm132_f
                0x00002b7c       0x56 lcd/Clib/u8g2_d_setup.o
                0x00002b7c                u8g2_Setup_st7565_ea_dogm132_f
 .text.u8g2_font_get_word
                0x00002bd2       0x18 lcd/Clib/u8g2_font.o
 .text.u8g2_font_calc_vref_font
                0x00002bea        0x6 lcd/Clib/u8g2_font.o
                0x00002bea                u8g2_font_calc_vref_font
 .text.u8g2_read_font_info
                0x00002bf0       0xbe lcd/Clib/u8g2_font.o
                0x00002bf0                u8g2_read_font_info
 .text.u8g2_font_decode_get_unsigned_bits
                0x00002cae       0x60 lcd/Clib/u8g2_font.o
                0x00002cae                u8g2_font_decode_get_unsigned_bits
 .text.u8g2_font_setup_decode
                0x00002d0e       0x52 lcd/Clib/u8g2_font.o
 .text.u8g2_font_decode_get_signed_bits
                0x00002d60       0x1e lcd/Clib/u8g2_font.o
                0x00002d60                u8g2_font_decode_get_signed_bits
 .text.u8g2_add_vector_y
                0x00002d7e       0x34 lcd/Clib/u8g2_font.o
                0x00002d7e                u8g2_add_vector_y
 .text.u8g2_add_vector_x
                0x00002db2       0x34 lcd/Clib/u8g2_font.o
                0x00002db2                u8g2_add_vector_x
 .text.u8g2_font_decode_len
                0x00002de6       0xe8 lcd/Clib/u8g2_font.o
                0x00002de6                u8g2_font_decode_len
 .text.u8g2_font_decode_glyph
                0x00002ece      0x1d2 lcd/Clib/u8g2_font.o
                0x00002ece                u8g2_font_decode_glyph
 .text.u8g2_font_get_glyph_data
                0x000030a0      0x128 lcd/Clib/u8g2_font.o
                0x000030a0                u8g2_font_get_glyph_data
 .text.u8g2_SetFontMode
                0x000031c8        0xa lcd/Clib/u8g2_font.o
                0x000031c8                u8g2_SetFontMode
 .text.u8g2_DrawGlyph
                0x000031d2       0xc8 lcd/Clib/u8g2_font.o
                0x000031d2                u8g2_DrawGlyph
 .text.u8g2_UpdateRefHeight
                0x0000329a       0x88 lcd/Clib/u8g2_font.o
                0x0000329a                u8g2_UpdateRefHeight
 .text.u8g2_SetFontRefHeightExtendedText
                0x00003322       0x10 lcd/Clib/u8g2_font.o
                0x00003322                u8g2_SetFontRefHeightExtendedText
 .text.u8g2_SetFontPosBaseline
                0x00003332       0x10 lcd/Clib/u8g2_font.o
                0x00003332                u8g2_SetFontPosBaseline
 .text.u8g2_SetFont
                0x00003342       0x2e lcd/Clib/u8g2_font.o
                0x00003342                u8g2_SetFont
 .text.u8g2_SetFontDirection
                0x00003370        0xa lcd/Clib/u8g2_font.o
                0x00003370                u8g2_SetFontDirection
 .text.u8g2_draw_hv_line_2dir
                0x0000337a       0x1e lcd/Clib/u8g2_hvline.o
                0x0000337a                u8g2_draw_hv_line_2dir
 .text.u8g2_DrawHVLine
                0x00003398      0x130 lcd/Clib/u8g2_hvline.o
                0x00003398                u8g2_DrawHVLine
 .text.u8g2_SetDrawColor
                0x000034c8       0x1a lcd/Clib/u8g2_hvline.o
                0x000034c8                u8g2_SetDrawColor
 .text.u8g2_is_intersection_decision_tree
                0x000034e2       0x32 lcd/Clib/u8g2_intersection.o
                0x000034e2                u8g2_is_intersection_decision_tree
 .text.u8g2_IsIntersection
                0x00003514       0x4a lcd/Clib/u8g2_intersection.o
                0x00003514                u8g2_IsIntersection
 .text.u8g2_ll_hvline_vertical_top_lsb
                0x0000355e       0xd2 lcd/Clib/u8g2_ll_hvline.o
                0x0000355e                u8g2_ll_hvline_vertical_top_lsb
 .text.u8g2_update_dimension_common
                0x00003630       0xa0 lcd/Clib/u8g2_setup.o
 .text.u8g2_update_dimension_r0
                0x000036d0        0x6 lcd/Clib/u8g2_setup.o
                0x000036d0                u8g2_update_dimension_r0
 .text.u8g2_apply_clip_window
                0x000036d6       0x9a lcd/Clib/u8g2_setup.o
 .text.u8g2_update_page_win_r0
                0x00003770       0x26 lcd/Clib/u8g2_setup.o
                0x00003770                u8g2_update_page_win_r0
 .text.u8g2_draw_l90_r0
                0x00003796        0xa lcd/Clib/u8g2_setup.o
                0x00003796                u8g2_draw_l90_r0
 .text.u8g2_SetMaxClipWindow
                0x000037a0       0x38 lcd/Clib/u8g2_setup.o
                0x000037a0                u8g2_SetMaxClipWindow
 .text.u8g2_SetupBuffer
                0x000037d8       0x60 lcd/Clib/u8g2_setup.o
                0x000037d8                u8g2_SetupBuffer
 .text.u8x8_ascii_next
                0x00003838       0x1a lcd/Clib/u8x8_8x8.o
                0x00003838                u8x8_ascii_next
 .text.u8x8_utf8_next
                0x00003852       0xb0 lcd/Clib/u8x8_8x8.o
                0x00003852                u8x8_utf8_next
 .text.u8x8_utf8_init
                0x00003902        0x6 lcd/Clib/u8x8_8x8.o
                0x00003902                u8x8_utf8_init
 .text.u8x8_byte_SetDC
                0x00003908       0x16 lcd/Clib/u8x8_byte.o
                0x00003908                u8x8_byte_SetDC
 .text.u8x8_byte_SendBytes
                0x0000391e       0x14 lcd/Clib/u8x8_byte.o
                0x0000391e                u8x8_byte_SendBytes
 .text.u8x8_byte_SendByte
                0x00003932       0x20 lcd/Clib/u8x8_byte.o
                0x00003932                u8x8_byte_SendByte
 .text.u8x8_byte_4wire_sw_spi
                0x00003952      0x154 lcd/Clib/u8x8_byte.o
                0x00003952                u8x8_byte_4wire_sw_spi
 .text.u8x8_cad_SendCmd
                0x00003aa6       0x16 lcd/Clib/u8x8_cad.o
                0x00003aa6                u8x8_cad_SendCmd
 .text.u8x8_cad_SendArg
                0x00003abc       0x16 lcd/Clib/u8x8_cad.o
                0x00003abc                u8x8_cad_SendArg
 .text.u8x8_cad_SendData
                0x00003ad2       0x14 lcd/Clib/u8x8_cad.o
                0x00003ad2                u8x8_cad_SendData
 .text.u8x8_cad_StartTransfer
                0x00003ae6       0x16 lcd/Clib/u8x8_cad.o
                0x00003ae6                u8x8_cad_StartTransfer
 .text.u8x8_cad_EndTransfer
                0x00003afc       0x16 lcd/Clib/u8x8_cad.o
                0x00003afc                u8x8_cad_EndTransfer
 .text.u8x8_cad_SendSequence
                0x00003b12       0xa6 lcd/Clib/u8x8_cad.o
                0x00003b12                u8x8_cad_SendSequence
 .text.u8x8_cad_001
                0x00003bb8       0x7e lcd/Clib/u8x8_cad.o
                0x00003bb8                u8x8_cad_001
 .text.u8x8_d_helper_display_setup_memory
                0x00003c36       0x10 lcd/Clib/u8x8_display.o
                0x00003c36                u8x8_d_helper_display_setup_memory
 .text.u8x8_d_helper_display_init
                0x00003c46       0x72 lcd/Clib/u8x8_display.o
                0x00003c46                u8x8_d_helper_display_init
 .text.u8x8_DrawTile
                0x00003cb8       0x42 lcd/Clib/u8x8_display.o
                0x00003cb8                u8x8_DrawTile
 .text.u8x8_SetupMemory
                0x00003cfa       0x16 lcd/Clib/u8x8_display.o
                0x00003cfa                u8x8_SetupMemory
 .text.u8x8_InitDisplay
                0x00003d10       0x16 lcd/Clib/u8x8_display.o
                0x00003d10                u8x8_InitDisplay
 .text.u8x8_SetPowerSave
                0x00003d26       0x16 lcd/Clib/u8x8_display.o
                0x00003d26                u8x8_SetPowerSave
 .text.u8x8_SetFlipMode
                0x00003d3c       0x16 lcd/Clib/u8x8_display.o
                0x00003d3c                u8x8_SetFlipMode
 .text.u8x8_SetContrast
                0x00003d52       0x16 lcd/Clib/u8x8_display.o
                0x00003d52                u8x8_SetContrast
 .text.u8x8_RefreshDisplay
                0x00003d68       0x16 lcd/Clib/u8x8_display.o
                0x00003d68                u8x8_RefreshDisplay
 .text.u8x8_d_st7565_common
                0x00003d7e       0xe6 lcd/Clib/u8x8_d_st7565.o
                0x00003d7e                u8x8_d_st7565_common
 .text.u8x8_d_st7565_ea_dogm132
                0x00003e64       0x8c lcd/Clib/u8x8_d_st7565.o
                0x00003e64                u8x8_d_st7565_ea_dogm132
 .text.u8x8_gpio_call
                0x00003ef0       0x12 lcd/Clib/u8x8_gpio.o
                0x00003ef0                u8x8_gpio_call
 .text.u8x8_dummy_cb
                0x00003f02        0x4 lcd/Clib/u8x8_setup.o
                0x00003f02                u8x8_dummy_cb
 .text.u8x8_SetupDefaults
                0x00003f06       0x2e lcd/Clib/u8x8_setup.o
                0x00003f06                u8x8_SetupDefaults
 .text.u8x8_Setup
                0x00003f34       0x4c lcd/Clib/u8x8_setup.o
                0x00003f34                u8x8_Setup
 .text._Z13isFromTheSet1h
                0x00003f80       0x52 lcd/PersianReshaper.o
                0x00003f80                _Z13isFromTheSet1h
 .text._Z13isFromTheSet2h
                0x00003fd2       0x52 lcd/PersianReshaper.o
                0x00003fd2                _Z13isFromTheSet2h
 .text._Z9FindGlyphh
                0x00004024       0x38 lcd/PersianReshaper.o
                0x00004024                _Z9FindGlyphh
 .text._Z7utf8revPc
                0x0000405c       0x8a lcd/PersianReshaper.o
                0x0000405c                _Z7utf8revPc
 .text._Z10prReshaperPKc
                0x000040e6      0x21e lcd/PersianReshaper.o
                0x000040e6                _Z10prReshaperPKc
 .text._Z9avr_delayP11u8x8_structhhPv
                0x00004304       0x98 lcd/ST7565Lcd.o
                0x00004304                _Z9avr_delayP11u8x8_structhhPv
 .text._ZN9ST7565Lcd14gpio_and_delayEP11u8x8_structhhPv
                0x0000439c       0xc6 lcd/ST7565Lcd.o
                0x0000439c                _ZN9ST7565Lcd14gpio_and_delayEP11u8x8_structhhPv
 .text._ZN7U8G2Lcd5writeEPKhj
                0x00004462       0x58 main.o
                0x00004462                _ZN7U8G2Lcd5writeEPKhj
 .text._ZN7IOClass6toggleEv
                0x000044ba       0x2c main.o
                0x000044ba                _ZN7IOClass6toggleEv
 .text._ZN7IOClass2onEv
                0x000044e6       0x1a main.o
                0x000044e6                _ZN7IOClass2onEv
 .text._ZN7IOClass3offEv
                0x00004500       0x1a main.o
                0x00004500                _ZN7IOClass3offEv
 .text._ZN7IOClass9readstateEv
                0x0000451a       0x14 main.o
                0x0000451a                _ZN7IOClass9readstateEv
 .text._ZN5logic9onKeyHoldEh
                0x0000452e       0x2a main.o
                0x0000452e                _ZN5logic9onKeyHoldEh
 .text._ZN5logic12onKeyReleaseEh
                0x00004558       0x4a main.o
                0x00004558                _ZN5logic12onKeyReleaseEh
 .text._ZN5logic12onKeyPressedEh
                0x000045a2       0x4a main.o
                0x000045a2                _ZN5logic12onKeyPressedEh
 .text._ZN7U8G2Lcd5writeEh
                0x000045ec       0xae main.o
                0x000045ec                _ZN7U8G2Lcd5writeEh
 .text.__vector_20
                0x0000469a       0x78 main.o
                0x0000469a                __vector_20
 .text.main     0x00004712      0x1d2 main.o
                0x00004712                main
 .text._GLOBAL__sub_I_pKeypad
                0x000048e4       0x9c main.o
 .text.libgcc.div
                0x00004980       0x44 d:/program files (x86)/atmel/studio/7.0/toolchain/avr8/avr8-gnu-toolchain/bin/../lib/gcc/avr/5.4.0/avrxmega7\libgcc.a(_udivmodsi4.o)
                0x00004980                __udivmodsi4
 .text.libgcc   0x000049c4       0x12 d:/program files (x86)/atmel/studio/7.0/toolchain/avr8/avr8-gnu-toolchain/bin/../lib/gcc/avr/5.4.0/avrxmega7\libgcc.a(_tablejump2.o)
                0x000049c4                __tablejump2__
 .text.libgcc.mul
                0x000049d6       0x1e d:/program files (x86)/atmel/studio/7.0/toolchain/avr8/avr8-gnu-toolchain/bin/../lib/gcc/avr/5.4.0/avrxmega7\libgcc.a(_umulhisi3.o)
                0x000049d6                __umulhisi3
 .text.avr-libc
                0x000049f4      0x242 d:/program files (x86)/atmel/studio/7.0/toolchain/avr8/avr8-gnu-toolchain/bin/../lib/gcc/avr/5.4.0/../../../../avr/lib/avrxmega7\libc.a(malloc.o)
                0x000049f4                malloc
                0x00004b24                free
 .text.avr-libc
                0x00004c36      0x1ca d:/program files (x86)/atmel/studio/7.0/toolchain/avr8/avr8-gnu-toolchain/bin/../lib/gcc/avr/5.4.0/../../../../avr/lib/avrxmega7\libc.a(realloc.o)
                0x00004c36                realloc
 .text.avr-libc
                0x00004e00       0x12 d:/program files (x86)/atmel/studio/7.0/toolchain/avr8/avr8-gnu-toolchain/bin/../lib/gcc/avr/5.4.0/../../../../avr/lib/avrxmega7\libc.a(memcpy.o)
                0x00004e00                memcpy
 .text.avr-libc
                0x00004e12        0xe d:/program files (x86)/atmel/studio/7.0/toolchain/avr8/avr8-gnu-toolchain/bin/../lib/gcc/avr/5.4.0/../../../../avr/lib/avrxmega7\libc.a(memset.o)
                0x00004e12                memset
 .text.avr-libc
                0x00004e20        0xe d:/program files (x86)/atmel/studio/7.0/toolchain/avr8/avr8-gnu-toolchain/bin/../lib/gcc/avr/5.4.0/../../../../avr/lib/avrxmega7\libc.a(strcpy.o)
                0x00004e20                strcpy
 .text.avr-libc
                0x00004e2e      0x408 d:/program files (x86)/atmel/studio/7.0/toolchain/avr8/avr8-gnu-toolchain/bin/../lib/gcc/avr/5.4.0/../../../../avr/lib/avrxmega7\libc.a(vfprintf_std.o)
                0x00004e2e                vfprintf
 .text.avr-libc
                0x00005236       0x16 d:/program files (x86)/atmel/studio/7.0/toolchain/avr8/avr8-gnu-toolchain/bin/../lib/gcc/avr/5.4.0/../../../../avr/lib/avrxmega7\libc.a(strnlen_P.o)
                0x00005236                strnlen_P
 .text.avr-libc
                0x0000524c       0x16 d:/program files (x86)/atmel/studio/7.0/toolchain/avr8/avr8-gnu-toolchain/bin/../lib/gcc/avr/5.4.0/../../../../avr/lib/avrxmega7\libc.a(strnlen.o)
                0x0000524c                strnlen
 .text.avr-libc
                0x00005262       0x78 d:/program files (x86)/atmel/studio/7.0/toolchain/avr8/avr8-gnu-toolchain/bin/../lib/gcc/avr/5.4.0/../../../../avr/lib/avrxmega7\libc.a(fputc.o)
                0x00005262                fputc
 .text.avr-libc
                0x000052da       0xbc d:/program files (x86)/atmel/studio/7.0/toolchain/avr8/avr8-gnu-toolchain/bin/../lib/gcc/avr/5.4.0/../../../../avr/lib/avrxmega7\libc.a(ultoa_invert.o)
                0x000052da                __ultoa_invert
                0x00005396                . = ALIGN (0x2)
 *(.fini9)
 .fini9         0x00005396        0x0 d:/program files (x86)/atmel/studio/7.0/toolchain/avr8/avr8-gnu-toolchain/bin/../lib/gcc/avr/5.4.0/avrxmega7\libgcc.a(_exit.o)
                0x00005396                exit
                0x00005396                _exit
 *(.fini9)
 *(.fini8)
 *(.fini8)
 *(.fini7)
 *(.fini7)
 *(.fini6)
 *(.fini6)
 *(.fini5)
 *(.fini5)
 *(.fini4)
 *(.fini4)
 *(.fini3)
 *(.fini3)
 *(.fini2)
 *(.fini2)
 *(.fini1)
 *(.fini1)
 *(.fini0)
 .fini0         0x00005396        0x4 d:/program files (x86)/atmel/studio/7.0/toolchain/avr8/avr8-gnu-toolchain/bin/../lib/gcc/avr/5.4.0/avrxmega7\libgcc.a(_exit.o)
 *(.fini0)
                0x0000539a                _etext = .

.data           0x00802000      0x95a load address 0x0000539a
                0x00802000                PROVIDE (__data_start, .)
 *(.data)
 .data          0x00802000        0x6 d:/program files (x86)/atmel/studio/7.0/toolchain/avr8/avr8-gnu-toolchain/bin/../lib/gcc/avr/5.4.0/../../../../avr/lib/avrxmega7\libc.a(malloc.o)
                0x00802000                __malloc_heap_end
                0x00802002                __malloc_heap_start
                0x00802004                __malloc_margin
 *(.data*)
 .data.tc_regs  0x00802006        0xa Hardware/xmegaBasicTimer.o
                0x00802006                tc_regs
 .data.regs     0x00802010       0x44 Hardware/xmegaIO.o
                0x00802010                regs
 .data.iKeyChar
                0x00802054       0x13 keypad/SingleInputKeypad.o
                0x00802054                iKeyChar
 .data.hexaKeys
                0x00802067        0xf keypad/MatrixKeypad.o
                0x00802067                hexaKeys
 .data.cols     0x00802076        0x3 keypad/MatrixKeypad.o
                0x00802076                cols
 .data.rows     0x00802079        0x5 keypad/MatrixKeypad.o
                0x00802079                rows
 *(.gnu.linkonce.d*)
 *(.rodata)
 .rodata        0x0080207e       0x56 lcd/PersianReshaper.o
 *(.rodata*)
 .rodata.bitNum
                0x008020d4       0x22 Hardware/xmegaIO.o
                0x008020d4                bitNum
 .rodata._ZTV14HardwareSerial
                0x008020f6       0x12 Hardware/xmegaUART.o
                0x008020f6                _ZTV14HardwareSerial
 .rodata._ZTV17SingleInputKeypad
                0x00802108        0xa keypad/SingleInputKeypad.o
                0x00802108                _ZTV17SingleInputKeypad
 .rodata._ZTV12MatrixKeypad
                0x00802112        0xa keypad/MatrixKeypad.o
                0x00802112                _ZTV12MatrixKeypad
 .rodata.u8g2_cb_r0
                0x0080211c        0x6 lcd/Clib/u8g2_setup.o
                0x0080211c                u8g2_cb_r0
 .rodata.u8x8_d_st7565_dogm132_init_seq
                0x00802122       0x21 lcd/Clib/u8x8_d_st7565.o
 .rodata.u8x8_st7565_dogm132_display_info
                0x00802143       0x18 lcd/Clib/u8x8_d_st7565.o
 .rodata.u8x8_d_st7565_flip1_seq
                0x0080215b        0x7 lcd/Clib/u8x8_d_st7565.o
 .rodata.u8x8_d_st7565_flip0_seq
                0x00802162        0x7 lcd/Clib/u8x8_d_st7565.o
 .rodata.u8x8_d_st7565_powersave1_seq
                0x00802169        0x7 lcd/Clib/u8x8_d_st7565.o
 .rodata.u8x8_d_st7565_powersave0_seq
                0x00802170        0x7 lcd/Clib/u8x8_d_st7565.o
 .rodata.str1.1
                0x00802177      0x317 lcd/PersianReshaper.o
                                0x31d (size before relaxing)
 .rodata._ZL7prForms
                0x0080248e      0x444 lcd/PersianReshaper.o
 .rodata.str1.1
                0x008028d2       0x59 main.o
 .rodata._ZTV7IOClass
                0x0080292b        0xc main.o
                0x0080292b                _ZTV7IOClass
 .rodata._ZTV7U8G2Lcd
                0x00802937        0xc main.o
                0x00802937                _ZTV7U8G2Lcd
 .rodata._ZTV9ST7565Lcd
                0x00802943        0xc main.o
                0x00802943                _ZTV9ST7565Lcd
 .rodata._ZTV5logic
                0x0080294f        0xa main.o
                0x0080294f                _ZTV5logic
 *(.gnu.linkonce.r*)
                0x0080295a                . = ALIGN (0x2)
 *fill*         0x00802959        0x1 
                0x0080295a                _edata = .
                0x0080295a                PROVIDE (__data_end, .)

.bss            0x0080295a      0xb27
                0x0080295a                PROVIDE (__bss_start, .)
 *(.bss)
 *(.bss*)
 .bss.millisTimer
                0x0080295a        0x4 Hardware/xmegaBasicTimer.o
                0x0080295a                millisTimer
 .bss.Serial5   0x0080295e      0x413 Hardware/xmegaUART.o
                0x0080295e                Serial5
 .bss.Serial3   0x00802d71      0x413 Hardware/xmegaUART.o
                0x00802d71                Serial3
 .bss.pinNumber
                0x00803184        0x1 keypad/SingleInputKeypad.o
                0x00803184                pinNumber
 .bss.iKeys     0x00803185       0x16 keypad/SingleInputKeypad.o
                0x00803185                iKeys
 .bss.pinsList  0x0080319b       0x13 keypad/SingleInputKeypad.o
                0x0080319b                pinsList
 .bss._ZL1c     0x008031ae        0x1 keypad/MatrixKeypad.o
 .bss._ZL1r     0x008031af        0x1 keypad/MatrixKeypad.o
 .bss._ZN12MatrixKeypad6bitMapE
                0x008031b0        0x5 keypad/MatrixKeypad.o
                0x008031b0                _ZN12MatrixKeypad6bitMapE
 .bss.matrixKeypad
                0x008031b5       0x19 keypad/MatrixKeypad.o
                0x008031b5                matrixKeypad
 .bss.buf.13295
                0x008031ce      0x220 lcd/Clib/u8g2_d_memory.o
 .bss.pLcd      0x008033ee        0x2 main.o
                0x008033ee                pLcd
 .bss.pos4lcd   0x008033f0       0x80 main.o
                0x008033f0                pos4lcd
 .bss.posLogic  0x00803470        0x2 main.o
                0x00803470                posLogic
 .bss.buzzer    0x00803472        0x5 main.o
                0x00803472                buzzer
 .bss.pBuzzer   0x00803477        0x2 main.o
                0x00803477                pBuzzer
 .bss.pDebugPort
                0x00803479        0x2 main.o
                0x00803479                pDebugPort
 .bss.pKeypad   0x0080347b        0x2 main.o
                0x0080347b                pKeypad
 *(COMMON)
 COMMON         0x0080347d        0x4 d:/program files (x86)/atmel/studio/7.0/toolchain/avr8/avr8-gnu-toolchain/bin/../lib/gcc/avr/5.4.0/../../../../avr/lib/avrxmega7\libc.a(malloc.o)
                0x0080347d                __brkval
                0x0080347f                __flp
                0x00803481                PROVIDE (__bss_end, .)
                0x0000539a                __data_load_start = LOADADDR (.data)
                0x00005cf4                __data_load_end = (__data_load_start + SIZEOF (.data))

.noinit         0x00803481        0x0
                [!provide]                PROVIDE (__noinit_start, .)
 *(.noinit*)
                [!provide]                PROVIDE (__noinit_end, .)
                0x00803481                _end = .
                0x00803481                PROVIDE (__heap_start, .)

.eeprom         0x00810000        0x0
 *(.eeprom*)
                0x00810000                __eeprom_end = .

.fuse
 *(.fuse)
 *(.lfuse)
 *(.hfuse)
 *(.efuse)

.lock
 *(.lock*)

.signature
 *(.signature*)

.user_signatures
 *(.user_signatures*)

.stab
 *(.stab)

.stabstr
 *(.stabstr)

.stab.excl
 *(.stab.excl)

.stab.exclstr
 *(.stab.exclstr)

.stab.index
 *(.stab.index)

.stab.indexstr
 *(.stab.indexstr)

.comment        0x00000000       0x5c
 *(.comment)
 .comment       0x00000000       0x30 Arduino/Print.o
                                 0x31 (size before relaxing)
 .comment       0x00000030       0x31 Arduino/WString.o
 .comment       0x00000030       0x31 Hardware/xmegaBasicTimer.o
 .comment       0x00000030       0x31 Hardware/xmegaIO.o
 .comment       0x00000030       0x31 Hardware/xmegaUART.o
 .comment       0x00000030       0x31 keypad/SingleInputKeypad.o
 .comment       0x00000030       0x31 keypad/Key.o
 .comment       0x00000030       0x31 keypad/MatrixKeypad.o
 .comment       0x00000030       0x31 lcd/Clib/u8g2_buffer.o
 .comment       0x00000030       0x31 lcd/Clib/u8g2_cleardisplay.o
 .comment       0x00000030       0x31 lcd/Clib/u8g2_d_memory.o
 .comment       0x00000030       0x31 lcd/Clib/u8g2_d_setup.o
 .comment       0x00000030       0x31 lcd/Clib/u8g2_font.o
 .comment       0x00000030       0x31 lcd/Clib/u8g2_hvline.o
 .comment       0x00000030       0x31 lcd/Clib/u8g2_intersection.o
 .comment       0x00000030       0x31 lcd/Clib/u8g2_ll_hvline.o
 .comment       0x00000030       0x31 lcd/Clib/u8g2_setup.o
 .comment       0x00000030       0x31 lcd/Clib/u8x8_8x8.o
 .comment       0x00000030       0x31 lcd/Clib/u8x8_byte.o
 .comment       0x00000030       0x31 lcd/Clib/u8x8_cad.o
 .comment       0x00000030       0x31 lcd/Clib/u8x8_display.o
 .comment       0x00000030       0x31 lcd/Clib/u8x8_d_st7565.o
 .comment       0x00000030       0x31 lcd/Clib/u8x8_gpio.o
 .comment       0x00000030       0x31 lcd/Clib/u8x8_setup.o
 .comment       0x00000030       0x31 lcd/PersianReshaper.o
 .comment       0x00000030       0x31 lcd/ST7565Lcd.o
 .comment       0x00000030       0x31 main.o
 .comment       0x00000030       0x31 d:/program files (x86)/atmel/studio/7.0/toolchain/avr8/avr8-gnu-toolchain/bin/../lib/gcc/avr/5.4.0/../../../../avr/lib/avrxmega7\libc.a(malloc.o)
 .comment       0x00000030       0x31 d:/program files (x86)/atmel/studio/7.0/toolchain/avr8/avr8-gnu-toolchain/bin/../lib/gcc/avr/5.4.0/../../../../avr/lib/avrxmega7\libc.a(realloc.o)
 .comment       0x00000030       0x2c d:/program files (x86)/atmel/studio/7.0/toolchain/avr8/avr8-gnu-toolchain/bin/../lib/gcc/avr/5.4.0/../../../../avr/lib/avrxmega7\libc.a(vfprintf_std.o)
                                 0x2d (size before relaxing)
 .comment       0x0000005c       0x31 d:/program files (x86)/atmel/studio/7.0/toolchain/avr8/avr8-gnu-toolchain/bin/../lib/gcc/avr/5.4.0/../../../../avr/lib/avrxmega7\libc.a(fputc.o)

.note.gnu.avr.deviceinfo
                0x00000000       0x40
 .note.gnu.avr.deviceinfo
                0x00000000       0x40 D:/Program Files (x86)/Atmel/Studio/7.0/Packs/atmel/XMEGAA_DFP/1.1.68/gcc/dev/atxmega128a4u/avrxmega7/crtatxmega128a4u.o

.note.gnu.build-id
 *(.note.gnu.build-id)

.debug
 *(.debug)

.line
 *(.line)

.debug_srcinfo
 *(.debug_srcinfo)

.debug_sfnames
 *(.debug_sfnames)

.debug_aranges  0x00000000     0x2f40
 *(.debug_aranges)
 .debug_aranges
                0x00000000      0x110 Arduino/Print.o
 .debug_aranges
                0x00000110      0x2b8 Arduino/WString.o
 .debug_aranges
                0x000003c8       0x48 Hardware/xmegaBasicTimer.o
 .debug_aranges
                0x00000410       0x30 Hardware/xmegaIO.o
 .debug_aranges
                0x00000440       0x80 Hardware/xmegaUART.o
 .debug_aranges
                0x000004c0       0x50 keypad/SingleInputKeypad.o
 .debug_aranges
                0x00000510       0x28 keypad/Key.o
 .debug_aranges
                0x00000538       0x50 keypad/MatrixKeypad.o
 .debug_aranges
                0x00000588       0x78 lcd/Clib/u8g2_buffer.o
 .debug_aranges
                0x00000600       0x20 lcd/Clib/u8g2_cleardisplay.o
 .debug_aranges
                0x00000620      0x5a0 lcd/Clib/u8g2_d_memory.o
 .debug_aranges
                0x00000bc0     0x1bc0 lcd/Clib/u8g2_d_setup.o
 .debug_aranges
                0x00002780      0x1b0 lcd/Clib/u8g2_font.o
 .debug_aranges
                0x00002930       0x48 lcd/Clib/u8g2_hvline.o
 .debug_aranges
                0x00002978       0x28 lcd/Clib/u8g2_intersection.o
 .debug_aranges
                0x000029a0       0x28 lcd/Clib/u8g2_ll_hvline.o
 .debug_aranges
                0x000029c8       0xc8 lcd/Clib/u8g2_setup.o
 .debug_aranges
                0x00002a90       0xb8 lcd/Clib/u8x8_8x8.o
 .debug_aranges
                0x00002b48       0xb0 lcd/Clib/u8x8_byte.o
 .debug_aranges
                0x00002bf8       0xd0 lcd/Clib/u8x8_cad.o
 .debug_aranges
                0x00002cc8       0x88 lcd/Clib/u8x8_display.o
 .debug_aranges
                0x00002d50       0x90 lcd/Clib/u8x8_d_st7565.o
 .debug_aranges
                0x00002de0       0x20 lcd/Clib/u8x8_gpio.o
 .debug_aranges
                0x00002e00       0x38 lcd/Clib/u8x8_setup.o
 .debug_aranges
                0x00002e38       0x50 lcd/PersianReshaper.o
 .debug_aranges
                0x00002e88       0x28 lcd/ST7565Lcd.o
 .debug_aranges
                0x00002eb0       0x90 main.o

.debug_pubnames
 *(.debug_pubnames)

.debug_info     0x00000000    0x5eeaa
 *(.debug_info .gnu.linkonce.wi.*)
 .debug_info    0x00000000     0x284f D:/Program Files (x86)/Atmel/Studio/7.0/Packs/atmel/XMEGAA_DFP/1.1.68/gcc/dev/atxmega128a4u/avrxmega7/crtatxmega128a4u.o
 .debug_info    0x0000284f     0x28e0 Arduino/Print.o
 .debug_info    0x0000512f     0x42b8 Arduino/WString.o
 .debug_info    0x000093e7     0x1439 Hardware/xmegaBasicTimer.o
 .debug_info    0x0000a820      0x367 Hardware/xmegaIO.o
 .debug_info    0x0000ab87     0x22c3 Hardware/xmegaUART.o
 .debug_info    0x0000ce4a      0x823 keypad/SingleInputKeypad.o
 .debug_info    0x0000d66d      0x1dc keypad/Key.o
 .debug_info    0x0000d849      0x982 keypad/MatrixKeypad.o
 .debug_info    0x0000e1cb      0xeaf lcd/Clib/u8g2_buffer.o
 .debug_info    0x0000f07a      0x901 lcd/Clib/u8g2_cleardisplay.o
 .debug_info    0x0000f97b     0x32a8 lcd/Clib/u8g2_d_memory.o
 .debug_info    0x00012c23    0x32594 lcd/Clib/u8g2_d_setup.o
 .debug_info    0x000451b7     0x2fe5 lcd/Clib/u8g2_font.o
 .debug_info    0x0004819c      0xc47 lcd/Clib/u8g2_hvline.o
 .debug_info    0x00048de3      0x968 lcd/Clib/u8g2_intersection.o
 .debug_info    0x0004974b      0x9c6 lcd/Clib/u8g2_ll_hvline.o
 .debug_info    0x0004a111     0x125d lcd/Clib/u8g2_setup.o
 .debug_info    0x0004b36e     0x13f2 lcd/Clib/u8x8_8x8.o
 .debug_info    0x0004c760     0x1a53 lcd/Clib/u8x8_byte.o
 .debug_info    0x0004e1b3     0x1d16 lcd/Clib/u8x8_cad.o
 .debug_info    0x0004fec9      0xa22 lcd/Clib/u8x8_display.o
 .debug_info    0x000508eb     0x195e lcd/Clib/u8x8_d_st7565.o
 .debug_info    0x00052249      0x3d0 lcd/Clib/u8x8_gpio.o
 .debug_info    0x00052619      0x535 lcd/Clib/u8x8_setup.o
 .debug_info    0x00052b4e     0x1690 lcd/PersianReshaper.o
 .debug_info    0x000541de     0x4f0b lcd/ST7565Lcd.o
 .debug_info    0x000590e9     0x5dc1 main.o

.debug_abbrev   0x00000000     0x69bb
 *(.debug_abbrev)
 .debug_abbrev  0x00000000     0x262c D:/Program Files (x86)/Atmel/Studio/7.0/Packs/atmel/XMEGAA_DFP/1.1.68/gcc/dev/atxmega128a4u/avrxmega7/crtatxmega128a4u.o
 .debug_abbrev  0x0000262c      0x490 Arduino/Print.o
 .debug_abbrev  0x00002abc      0x489 Arduino/WString.o
 .debug_abbrev  0x00002f45      0x1c3 Hardware/xmegaBasicTimer.o
 .debug_abbrev  0x00003108      0x144 Hardware/xmegaIO.o
 .debug_abbrev  0x0000324c      0x43d Hardware/xmegaUART.o
 .debug_abbrev  0x00003689      0x37e keypad/SingleInputKeypad.o
 .debug_abbrev  0x00003a07      0x12c keypad/Key.o
 .debug_abbrev  0x00003b33      0x3d9 keypad/MatrixKeypad.o
 .debug_abbrev  0x00003f0c      0x221 lcd/Clib/u8g2_buffer.o
 .debug_abbrev  0x0000412d      0x122 lcd/Clib/u8g2_cleardisplay.o
 .debug_abbrev  0x0000424f       0xd8 lcd/Clib/u8g2_d_memory.o
 .debug_abbrev  0x00004327      0x187 lcd/Clib/u8g2_d_setup.o
 .debug_abbrev  0x000044ae      0x3d2 lcd/Clib/u8g2_font.o
 .debug_abbrev  0x00004880      0x1a7 lcd/Clib/u8g2_hvline.o
 .debug_abbrev  0x00004a27      0x14a lcd/Clib/u8g2_intersection.o
 .debug_abbrev  0x00004b71      0x131 lcd/Clib/u8g2_ll_hvline.o
 .debug_abbrev  0x00004ca2      0x25f lcd/Clib/u8g2_setup.o
 .debug_abbrev  0x00004f01      0x367 lcd/Clib/u8x8_8x8.o
 .debug_abbrev  0x00005268      0x263 lcd/Clib/u8x8_byte.o
 .debug_abbrev  0x000054cb      0x25c lcd/Clib/u8x8_cad.o
 .debug_abbrev  0x00005727      0x1bf lcd/Clib/u8x8_display.o
 .debug_abbrev  0x000058e6      0x1bd lcd/Clib/u8x8_d_st7565.o
 .debug_abbrev  0x00005aa3       0xe9 lcd/Clib/u8x8_gpio.o
 .debug_abbrev  0x00005b8c      0x17a lcd/Clib/u8x8_setup.o
 .debug_abbrev  0x00005d06      0x300 lcd/PersianReshaper.o
 .debug_abbrev  0x00006006      0x35e lcd/ST7565Lcd.o
 .debug_abbrev  0x00006364      0x657 main.o

.debug_line     0x00000000    0x124b8
 *(.debug_line .debug_line.* .debug_line_end)
 .debug_line    0x00000000      0x3b5 D:/Program Files (x86)/Atmel/Studio/7.0/Packs/atmel/XMEGAA_DFP/1.1.68/gcc/dev/atxmega128a4u/avrxmega7/crtatxmega128a4u.o
 .debug_line    0x000003b5      0x6c2 Arduino/Print.o
 .debug_line    0x00000a77     0x13e8 Arduino/WString.o
 .debug_line    0x00001e5f      0x324 Hardware/xmegaBasicTimer.o
 .debug_line    0x00002183      0x195 Hardware/xmegaIO.o
 .debug_line    0x00002318      0x42e Hardware/xmegaUART.o
 .debug_line    0x00002746      0x2c2 keypad/SingleInputKeypad.o
 .debug_line    0x00002a08       0x76 keypad/Key.o
 .debug_line    0x00002a7e      0x34c keypad/MatrixKeypad.o
 .debug_line    0x00002dca      0x370 lcd/Clib/u8g2_buffer.o
 .debug_line    0x0000313a       0xdf lcd/Clib/u8g2_cleardisplay.o
 .debug_line    0x00003219     0x14a0 lcd/Clib/u8g2_d_memory.o
 .debug_line    0x000046b9     0x8e62 lcd/Clib/u8g2_d_setup.o
 .debug_line    0x0000d51b      0xf48 lcd/Clib/u8g2_font.o
 .debug_line    0x0000e463      0x237 lcd/Clib/u8g2_hvline.o
 .debug_line    0x0000e69a      0x111 lcd/Clib/u8g2_intersection.o
 .debug_line    0x0000e7ab      0x22a lcd/Clib/u8g2_ll_hvline.o
 .debug_line    0x0000e9d5      0x5de lcd/Clib/u8g2_setup.o
 .debug_line    0x0000efb3      0x6b2 lcd/Clib/u8x8_8x8.o
 .debug_line    0x0000f665      0x8bf lcd/Clib/u8x8_byte.o
 .debug_line    0x0000ff24      0xb9b lcd/Clib/u8x8_cad.o
 .debug_line    0x00010abf      0x2c3 lcd/Clib/u8x8_display.o
 .debug_line    0x00010d82      0x7aa lcd/Clib/u8x8_d_st7565.o
 .debug_line    0x0001152c       0xb7 lcd/Clib/u8x8_gpio.o
 .debug_line    0x000115e3      0x16f lcd/Clib/u8x8_setup.o
 .debug_line    0x00011752      0x452 lcd/PersianReshaper.o
 .debug_line    0x00011ba4      0x358 lcd/ST7565Lcd.o
 .debug_line    0x00011efc      0x5bc main.o

.debug_frame    0x00000000    0x11978
 *(.debug_frame)
 .debug_frame   0x00000000      0x3f0 Arduino/Print.o
 .debug_frame   0x000003f0      0xa5c Arduino/WString.o
 .debug_frame   0x00000e4c       0xa4 Hardware/xmegaBasicTimer.o
 .debug_frame   0x00000ef0       0x50 Hardware/xmegaIO.o
 .debug_frame   0x00000f40      0x1c0 Hardware/xmegaUART.o
 .debug_frame   0x00001100       0xf0 keypad/SingleInputKeypad.o
 .debug_frame   0x000011f0       0x34 keypad/Key.o
 .debug_frame   0x00001224      0x104 keypad/MatrixKeypad.o
 .debug_frame   0x00001328      0x1c8 lcd/Clib/u8g2_buffer.o
 .debug_frame   0x000014f0       0x30 lcd/Clib/u8g2_cleardisplay.o
 .debug_frame   0x00001520      0xb24 lcd/Clib/u8g2_d_memory.o
 .debug_frame   0x00002044     0xdd54 lcd/Clib/u8g2_d_setup.o
 .debug_frame   0x0000fd98      0x6fc lcd/Clib/u8g2_font.o
 .debug_frame   0x00010494       0xb4 lcd/Clib/u8g2_hvline.o
 .debug_frame   0x00010548       0x5c lcd/Clib/u8g2_intersection.o
 .debug_frame   0x000105a4       0x68 lcd/Clib/u8g2_ll_hvline.o
 .debug_frame   0x0001060c      0x240 lcd/Clib/u8g2_setup.o
 .debug_frame   0x0001084c      0x308 lcd/Clib/u8x8_8x8.o
 .debug_frame   0x00010b54      0x2c0 lcd/Clib/u8x8_byte.o
 .debug_frame   0x00010e14      0x39c lcd/Clib/u8x8_cad.o
 .debug_frame   0x000111b0      0x190 lcd/Clib/u8x8_display.o
 .debug_frame   0x00011340      0x22c lcd/Clib/u8x8_d_st7565.o
 .debug_frame   0x0001156c       0x24 lcd/Clib/u8x8_gpio.o
 .debug_frame   0x00011590       0x88 lcd/Clib/u8x8_setup.o
 .debug_frame   0x00011618      0x120 lcd/PersianReshaper.o
 .debug_frame   0x00011738       0x40 lcd/ST7565Lcd.o
 .debug_frame   0x00011778      0x200 main.o

.debug_str      0x00000000     0xfdf8
 *(.debug_str)
 .debug_str     0x00000000     0x1aa8 D:/Program Files (x86)/Atmel/Studio/7.0/Packs/atmel/XMEGAA_DFP/1.1.68/gcc/dev/atxmega128a4u/avrxmega7/crtatxmega128a4u.o
 .debug_str     0x00001aa8     0x1163 Arduino/Print.o
                               0x121e (size before relaxing)
 .debug_str     0x00002c0b      0x406 Arduino/WString.o
                               0x1158 (size before relaxing)
 .debug_str     0x00003011      0xe8e Hardware/xmegaBasicTimer.o
                                0xf4d (size before relaxing)
 .debug_str     0x00003e9f      0x220 Hardware/xmegaIO.o
                                0x3a3 (size before relaxing)
 .debug_str     0x000040bf      0xa09 Hardware/xmegaUART.o
                               0x192f (size before relaxing)
 .debug_str     0x00004ac8      0x32a keypad/SingleInputKeypad.o
                                0x5a0 (size before relaxing)
 .debug_str     0x00004df2       0x36 keypad/Key.o
                                0x237 (size before relaxing)
 .debug_str     0x00004e28      0x1b3 keypad/MatrixKeypad.o
                                0x5d1 (size before relaxing)
 .debug_str     0x00004fdb      0x832 lcd/Clib/u8g2_buffer.o
                                0xa2a (size before relaxing)
 .debug_str     0x0000580d       0x32 lcd/Clib/u8g2_cleardisplay.o
                                0x88c (size before relaxing)
 .debug_str     0x0000583f      0xa0f lcd/Clib/u8g2_d_memory.o
                                0xb65 (size before relaxing)
 .debug_str     0x0000624e     0x6e11 lcd/Clib/u8g2_d_setup.o
                               0x801e (size before relaxing)
 .debug_str     0x0000d05f      0x609 lcd/Clib/u8g2_font.o
                                0xe80 (size before relaxing)
 .debug_str     0x0000d668       0x88 lcd/Clib/u8g2_hvline.o
                                0x8c1 (size before relaxing)
 .debug_str     0x0000d6f0       0x43 lcd/Clib/u8g2_intersection.o
                                0x87a (size before relaxing)
 .debug_str     0x0000d733       0x6a lcd/Clib/u8g2_ll_hvline.o
                                0x8a9 (size before relaxing)
 .debug_str     0x0000d79d      0x252 lcd/Clib/u8g2_setup.o
                                0xb18 (size before relaxing)
 .debug_str     0x0000d9ef      0x1c6 lcd/Clib/u8x8_8x8.o
                                0x60d (size before relaxing)
 .debug_str     0x0000dbb5      0x20b lcd/Clib/u8x8_byte.o
                                0x62f (size before relaxing)
 .debug_str     0x0000ddc0      0x1c6 lcd/Clib/u8x8_cad.o
                                0x699 (size before relaxing)
 .debug_str     0x0000df86      0x14a lcd/Clib/u8x8_display.o
                                0x59c (size before relaxing)
 .debug_str     0x0000e0d0      0x4bf lcd/Clib/u8x8_d_st7565.o
                                0x9c1 (size before relaxing)
 .debug_str     0x0000e58f       0x18 lcd/Clib/u8x8_gpio.o
                                0x433 (size before relaxing)
 .debug_str     0x0000e5a7       0x60 lcd/Clib/u8x8_setup.o
                                0x4d6 (size before relaxing)
 .debug_str     0x0000e607      0x19c lcd/PersianReshaper.o
                                0xed1 (size before relaxing)
 .debug_str     0x0000e7a3     0x1277 lcd/ST7565Lcd.o
                               0x1d4c (size before relaxing)
 .debug_str     0x0000fa1a      0x3de main.o
                               0x31a5 (size before relaxing)

.debug_loc      0x00000000    0x6f750
 *(.debug_loc)
 .debug_loc     0x00000000     0x1cdf Arduino/Print.o
 .debug_loc     0x00001cdf     0x4603 Arduino/WString.o
 .debug_loc     0x000062e2      0x141 Hardware/xmegaBasicTimer.o
 .debug_loc     0x00006423       0xf3 Hardware/xmegaIO.o
 .debug_loc     0x00006516      0x572 Hardware/xmegaUART.o
 .debug_loc     0x00006a88      0x3a4 keypad/SingleInputKeypad.o
 .debug_loc     0x00006e2c       0x28 keypad/Key.o
 .debug_loc     0x00006e54      0x43b keypad/MatrixKeypad.o
 .debug_loc     0x0000728f      0x910 lcd/Clib/u8g2_buffer.o
 .debug_loc     0x00007b9f       0x65 lcd/Clib/u8g2_cleardisplay.o
 .debug_loc     0x00007c04     0x1ba8 lcd/Clib/u8g2_d_memory.o
 .debug_loc     0x000097ac    0x57b8e lcd/Clib/u8g2_d_setup.o
 .debug_loc     0x0006133a     0x3b05 lcd/Clib/u8g2_font.o
 .debug_loc     0x00064e3f      0x7fb lcd/Clib/u8g2_hvline.o
 .debug_loc     0x0006563a      0x1eb lcd/Clib/u8g2_intersection.o
 .debug_loc     0x00065825      0x53e lcd/Clib/u8g2_ll_hvline.o
 .debug_loc     0x00065d63      0xf2b lcd/Clib/u8g2_setup.o
 .debug_loc     0x00066c8e     0x1922 lcd/Clib/u8x8_8x8.o
 .debug_loc     0x000685b0     0x1b9a lcd/Clib/u8x8_byte.o
 .debug_loc     0x0006a14a     0x21d5 lcd/Clib/u8x8_cad.o
 .debug_loc     0x0006c31f      0x5eb lcd/Clib/u8x8_display.o
 .debug_loc     0x0006c90a      0xfc2 lcd/Clib/u8x8_d_st7565.o
 .debug_loc     0x0006d8cc       0x68 lcd/Clib/u8x8_gpio.o
 .debug_loc     0x0006d934      0x2df lcd/Clib/u8x8_setup.o
 .debug_loc     0x0006dc13      0xb17 lcd/PersianReshaper.o
 .debug_loc     0x0006e72a      0x4b1 lcd/ST7565Lcd.o
 .debug_loc     0x0006ebdb      0xb75 main.o

.debug_macinfo
 *(.debug_macinfo)

.debug_weaknames
 *(.debug_weaknames)

.debug_funcnames
 *(.debug_funcnames)

.debug_typenames
 *(.debug_typenames)

.debug_varnames
 *(.debug_varnames)

.debug_pubtypes
 *(.debug_pubtypes)

.debug_ranges   0x00000000     0x2f80
 *(.debug_ranges)
 .debug_ranges  0x00000000      0x130 Arduino/Print.o
 .debug_ranges  0x00000130      0x2c0 Arduino/WString.o
 .debug_ranges  0x000003f0       0x38 Hardware/xmegaBasicTimer.o
 .debug_ranges  0x00000428       0x20 Hardware/xmegaIO.o
 .debug_ranges  0x00000448       0x70 Hardware/xmegaUART.o
 .debug_ranges  0x000004b8       0x40 keypad/SingleInputKeypad.o
 .debug_ranges  0x000004f8       0x18 keypad/Key.o
 .debug_ranges  0x00000510       0x70 keypad/MatrixKeypad.o
 .debug_ranges  0x00000580       0x68 lcd/Clib/u8g2_buffer.o
 .debug_ranges  0x000005e8       0x10 lcd/Clib/u8g2_cleardisplay.o
 .debug_ranges  0x000005f8      0x590 lcd/Clib/u8g2_d_memory.o
 .debug_ranges  0x00000b88     0x1bb0 lcd/Clib/u8g2_d_setup.o
 .debug_ranges  0x00002738      0x278 lcd/Clib/u8g2_font.o
 .debug_ranges  0x000029b0       0x38 lcd/Clib/u8g2_hvline.o
 .debug_ranges  0x000029e8       0x18 lcd/Clib/u8g2_intersection.o
 .debug_ranges  0x00002a00       0x18 lcd/Clib/u8g2_ll_hvline.o
 .debug_ranges  0x00002a18       0xb8 lcd/Clib/u8g2_setup.o
 .debug_ranges  0x00002ad0       0xd8 lcd/Clib/u8x8_8x8.o
 .debug_ranges  0x00002ba8       0xa0 lcd/Clib/u8x8_byte.o
 .debug_ranges  0x00002c48       0xc0 lcd/Clib/u8x8_cad.o
 .debug_ranges  0x00002d08       0x78 lcd/Clib/u8x8_display.o
 .debug_ranges  0x00002d80       0x80 lcd/Clib/u8x8_d_st7565.o
 .debug_ranges  0x00002e00       0x10 lcd/Clib/u8x8_gpio.o
 .debug_ranges  0x00002e10       0x28 lcd/Clib/u8x8_setup.o
 .debug_ranges  0x00002e38       0x78 lcd/PersianReshaper.o
 .debug_ranges  0x00002eb0       0x50 lcd/ST7565Lcd.o
 .debug_ranges  0x00002f00       0x80 main.o

.debug_macro
 *(.debug_macro)
OUTPUT(V4LibTest.elf elf32-avr)
LOAD linker stubs
